 NxCooking

 Timestamp is 492bb088 (Tue Nov 25 17:00:08 2008)

 Preferred load address is 10000000

 Start         Length     Name                   Class
 0001:00000000 00091d53H .text                   CODE
 0001:00091d60 00002902H .text$x                 CODE
 0001:00094670 00001083H .text$yc                CODE
 0001:00095700 000011cdH .text$yd                CODE
 0002:00000000 000098e1H .rdata                  DATA
 0002:000098e4 00000176H .rdata$debug            DATA
 0002:00009a5c 0000040eH .rdata$r                DATA
 0002:00009e70 00000391H .rdata$sxdata           DATA
 0002:0000a204 00000104H .rtc$IAA                DATA
 0002:0000a308 00000104H .rtc$IZZ                DATA
 0002:0000a40c 00000104H .rtc$TAA                DATA
 0002:0000a510 00000104H .rtc$TZZ                DATA
 0002:0000a614 00001ebfH .xdata$x                DATA
 0002:0000c4e0 000002edH .edata                  DATA
 0003:00000000 00000104H .CRT$XCA                DATA
 0003:00000104 00000104H .CRT$XCAA               DATA
 0003:00000208 0000011cH .CRT$XCU                DATA
 0003:00000324 00000104H .CRT$XCZ                DATA
 0003:00000428 00000104H .CRT$XIA                DATA
 0003:0000052c 00000113H .CRT$XIC                DATA
 0003:00000640 00000104H .CRT$XIY                DATA
 0003:00000744 00000104H .CRT$XIZ                DATA
 0003:00000848 00000104H .CRT$XPA                DATA
 0003:0000094c 00000104H .CRT$XPX                DATA
 0003:00000a50 00000104H .CRT$XPZ                DATA
 0003:00000b54 00000104H .CRT$XTA                DATA
 0003:00000c58 00000104H .CRT$XTB                DATA
 0003:00000d5c 00000104H .CRT$XTZ                DATA
 0003:00000e60 00002558H .data                   DATA
 0003:000033c0 000023a8H .bss                    DATA
 0004:00000000 00000014H .idata$2                DATA
 0004:00000014 00000014H .idata$3                DATA
 0004:00000028 000001fcH .idata$4                DATA
 0004:00000224 000001fcH .idata$5                DATA
 0004:00000420 000008b5H .idata$6                DATA

  Address         Publics by Value              Rva+Base     Lib:Object

 0000:00000000       __except_list              00000000     <absolute>
 0000:00000089       ___safe_se_handler_count   00000089     <absolute>
 0001:00005210       ?ZeroMemory@@YAXPAXI@Z     10006210 f i CollisionHullBuilder.obj
 0001:00005240       ??2Allocateable@IceCore@@SAPAXIW4MemoryType@1@@Z 10006240 f i CollisionHullBuilder.obj
 0001:00005260       ??3Allocateable@IceCore@@SAXPAX@Z 10006260 f i CollisionHullBuilder.obj
 0001:00005280       ??3Allocateable@IceCore@@SAXPAXW4MemoryType@1@@Z 10006280 f i CollisionHullBuilder.obj
 0001:000052a0       ??0Point@IceMaths@@QAE@MMM@Z 100062a0 f i CollisionHullBuilder.obj
 0001:000052c0       ??1Point@IceMaths@@QAE@XZ  100062c0 f i CollisionHullBuilder.obj
 0001:000052d0       ?SetMinMax@AABB@IceMaths@@QAEXABVPoint@2@0@Z 100062d0 f i CollisionHullBuilder.obj
 0001:00005310       ?ComputeMinMax@IceMaths@@YAXABVPoint@1@AAV21@1@Z 10006310 f i CollisionHullBuilder.obj
 0001:000053b0       ?ComputeAABB@@YAXAAVAABB@IceMaths@@PBVPoint@2@I@Z 100063b0 f i CollisionHullBuilder.obj
 0001:00005500       ?GetPXValenciesData@Valencies@@QAEPAUPxValenciesData@@XZ 10006500 f i CollisionHullBuilder.obj
 0001:00005510       ?GetNbFaces@ConvexHull@@QBEIXZ 10006510 f i CollisionHullBuilder.obj
 0001:00005520       ?GetFaces@ConvexHull@@QBEPBUPxHullTriangleData@@XZ 10006520 f i CollisionHullBuilder.obj
 0001:00005530       ?GetNbVerts@ConvexHull@@QBEIXZ 10006530 f i CollisionHullBuilder.obj
 0001:00005540       ?GetVerts@ConvexHull@@QBEPBVPoint@IceMaths@@XZ 10006540 f i CollisionHullBuilder.obj
 0001:00005550       ?GetValencies@CollisionHull@@QBEPBVValencies@@XZ 10006550 f i CollisionHullBuilder.obj
 0001:00005560       ??0VALENCIESCREATE@@QAE@XZ 10006560 f i CollisionHullBuilder.obj
 0001:00005580       ??0CollisionHullBuilder@@QAE@PAVCollisionHull@@@Z 10006580 f   CollisionHullBuilder.obj
 0001:000055b0       ??1CollisionHullBuilder@@UAE@XZ 100065b0 f   CollisionHullBuilder.obj
 0001:000055c0       ??_GValenciesBuilder@@QAEPAXI@Z 100065c0 f i CollisionHullBuilder.obj
 0001:000055f0       ?Save@CollisionHullBuilder@@UBE_NAAVStream@IceCore@@@Z 100065f0 f   CollisionHullBuilder.obj
 0001:00005660       ??_GCollisionHullBuilder@@UAEPAXI@Z 10006660 f i CollisionHullBuilder.obj
 0001:00005660       ??_ECollisionHullBuilder@@UAEPAXI@Z 10006660 f i CollisionHullBuilder.obj
 0001:00005690       ?ComputeValencies@CollisionHullBuilder@@AAE_NXZ 10006690 f   CollisionHullBuilder.obj
 0001:000058e0       ?Compute@CollisionHullBuilder@@UAE_NABUCONVEXHULLCREATE@@@Z 100068e0 f   CollisionHullBuilder.obj
 0001:00005910       ?Init@CollisionHullBuilder@@UAE_NABUSurfaceInterface@@PBI1PB_N@Z 10006910 f   CollisionHullBuilder.obj
 0001:000059c0       _atan2f                    100069c0 f i ConvexDecomposer.obj
 0001:000059d0       _fabsf                     100069d0 f i ConvexDecomposer.obj
 0001:000059e0       _sqrtf                     100069e0 f i ConvexDecomposer.obj
 0001:000059f0       ?Add@Container@IceCore@@QAEAAV12@I@Z 100069f0 f i ConvexDecomposer.obj
 0001:00005a30       ?Reset@Container@IceCore@@QAEXXZ 10006a30 f i ConvexDecomposer.obj
 0001:00005a50       ?GetNbEntries@Container@IceCore@@QBEIXZ 10006a50 f i ConvexDecomposer.obj
 0001:00005a60       ?GetEntries@Container@IceCore@@QBEPAIXZ 10006a60 f i ConvexDecomposer.obj
 0001:00005a70       ?GetRanks@RadixSort@IceCore@@QBEPBIXZ 10006a70 f i ConvexDecomposer.obj
 0001:00005a80       ?GetRecyclable@RadixSort@IceCore@@QBEPAIXZ 10006a80 f i ConvexDecomposer.obj
 0001:00005a90       ??0Point@IceMaths@@QAE@XZ  10006a90 f i ConvexDecomposer.obj
 0001:00005aa0       ?Magnitude@Point@IceMaths@@QBEMXZ 10006aa0 f i ConvexDecomposer.obj
 0001:00005ad0       ?Normalize@Point@IceMaths@@QAEAAV12@XZ 10006ad0 f i ConvexDecomposer.obj
 0001:00005b40       ??GPoint@IceMaths@@QBE?AV01@ABV01@@Z 10006b40 f i ConvexDecomposer.obj
 0001:00005b70       ??UPoint@IceMaths@@QBEMABV01@@Z 10006b70 f i ConvexDecomposer.obj
 0001:00005ba0       ??TPoint@IceMaths@@QBE?AV01@ABV01@@Z 10006ba0 f i ConvexDecomposer.obj
 0001:00005bf0       ??0Plane@IceMaths@@QAE@ABVPoint@1@00@Z 10006bf0 f i ConvexDecomposer.obj
 0001:00005c20       ??1Plane@IceMaths@@QAE@XZ  10006c20 f i ConvexDecomposer.obj
 0001:00005c30       ?Distance@Plane@IceMaths@@QBEMABVPoint@2@@Z 10006c30 f i ConvexDecomposer.obj
 0001:00005c60       ??0Triangle@IceMaths@@QAE@ABVPoint@1@00@Z 10006c60 f i ConvexDecomposer.obj
 0001:00005ce0       ??1Triangle@IceMaths@@QAE@XZ 10006ce0 f i ConvexDecomposer.obj
 0001:00005d00       ?Normal@Triangle@IceMaths@@QBEXAAVPoint@2@@Z 10006d00 f i ConvexDecomposer.obj
 0001:00005dd0       ??0FIFOStack@@QAE@XZ       10006dd0 f i ConvexDecomposer.obj
 0001:00005df0       ??1FIFOStack@@QAE@XZ       10006df0 f i ConvexDecomposer.obj
 0001:00005e00       ?Push@FIFOStack@@QAEAAV1@I@Z 10006e00 f i ConvexDecomposer.obj
 0001:00005e40       ?GetEdge01@PxEdgeTriangleAC@@SAIABUPxEdgeTriangleData@@@Z 10006e40 f i ConvexDecomposer.obj
 0001:00005e50       ?GetEdge12@PxEdgeTriangleAC@@SAIABUPxEdgeTriangleData@@@Z 10006e50 f i ConvexDecomposer.obj
 0001:00005e60       ?GetEdge20@PxEdgeTriangleAC@@SAIABUPxEdgeTriangleData@@@Z 10006e60 f i ConvexDecomposer.obj
 0001:00005e70       ??0EDGELISTCREATE@NxPhysics@@QAE@XZ 10006e70 f i ConvexDecomposer.obj
 0001:00005ea0       ?GetNbEdges@EdgeList@NxPhysics@@QBEIXZ 10006ea0 f i ConvexDecomposer.obj
 0001:00005eb0       ?GetEdges@EdgeList@NxPhysics@@QBEPBUPxEdgeData@@XZ 10006eb0 f i ConvexDecomposer.obj
 0001:00005ec0       ?GetEdgeTriangle@EdgeList@NxPhysics@@QBEABUPxEdgeTriangleData@@I@Z 10006ec0 f i ConvexDecomposer.obj
 0001:00005ee0       ?GetEdgeToTriangles@EdgeList@NxPhysics@@QBEPBUPxEdgeDescData@@XZ 10006ee0 f i ConvexDecomposer.obj
 0001:00005ef0       ?GetEdgeToTriangles@EdgeList@NxPhysics@@QBEABUPxEdgeDescData@@I@Z 10006ef0 f i ConvexDecomposer.obj
 0001:00005f00       ?GetFacesByEdges@EdgeList@NxPhysics@@QBEPBIXZ 10006f00 f i ConvexDecomposer.obj
 0001:00005f10       ?GetFacesByEdges@EdgeList@NxPhysics@@QBEII@Z 10006f10 f i ConvexDecomposer.obj
 0001:00005f20       ?OppositeVertex@@YAIIIIII@Z 10006f20 f i ConvexDecomposer.obj
 0001:00005f90       ??0ConvexDecomposer@@QAE@XZ 10006f90 f   ConvexDecomposer.obj
 0001:00005fb0       ??1ConvexDecomposer@@QAE@XZ 10006fb0 f   ConvexDecomposer.obj
 0001:00006070       ?ProcessPatch@ConvexDecomposer@@AAEXIPBIPBVIndexedTriangle@IceMaths@@PBVPoint@3@@Z 10007070 f   ConvexDecomposer.obj
 0001:00006570       ?MakeRelativePatch@ConvexDecomposer@@AAEXIPBI@Z 10007570 f   ConvexDecomposer.obj
 0001:000068b0       ?_TrackTriangle@ConvexDecomposer@@AAEXII@Z 100078b0 f   ConvexDecomposer.obj
 0001:00006c60       ?_TrackTriangle@ConvexDecomposer@@AAEXAAVFIFOStack@@II@Z 10007c60 f   ConvexDecomposer.obj
 0001:00007190       ?NonRecursiveTrack@ConvexDecomposer@@AAEXII@Z 10008190 f   ConvexDecomposer.obj
 0001:000072c0       ?ExtractSubmeshFromFace@ConvexDecomposer@@AAE_NII@Z 100082c0 f   ConvexDecomposer.obj
 0001:000072f0       ?Decompose@ConvexDecomposer@@QAE_NIPBVIndexedTriangle@IceMaths@@IPBVPoint@3@@Z 100082f0 f   ConvexDecomposer.obj
 0001:00008450       _asinf                     10009450 f i ConvexHullBuilder.obj
 0001:00008460       ?CopyMemory@@YAXPAXPBXI@Z  10009460 f i ConvexHullBuilder.obj
 0001:00008490       ??_UAllocateable@IceCore@@SAPAXIW4MemoryType@1@@Z 10009490 f i ConvexHullBuilder.obj
 0001:000084b0       ??_VAllocateable@IceCore@@SAXPAX@Z 100094b0 f i ConvexHullBuilder.obj
 0001:000084d0       ??_VAllocateable@IceCore@@SAXPAXW4MemoryType@1@@Z 100094d0 f i ConvexHullBuilder.obj
 0001:000084f0       ?Swap@IceCore@@YAXAAI0@Z   100094f0 f i ConvexHullBuilder.obj
 0001:00008520       ?Add@Container@IceCore@@QAEAAV12@PBII@Z 10009520 f i ConvexHullBuilder.obj
 0001:00008580       ?GetEntry@Container@IceCore@@QBEII@Z 10009580 f i ConvexHullBuilder.obj
 0001:00008590       ??0BasicRandom@IceCore@@QAE@I@Z 10009590 f i ConvexHullBuilder.obj
 0001:000085a0       ??1BasicRandom@IceCore@@QAE@XZ 100095a0 f i ConvexHullBuilder.obj
 0001:000085b0       ?GetCurrentValue@BasicRandom@IceCore@@QBEIXZ 100095b0 f i ConvexHullBuilder.obj
 0001:000085c0       ?Randomize@BasicRandom@IceCore@@QAEIXZ 100095c0 f i ConvexHullBuilder.obj
 0001:000085e0       ?Flip@IceCore@@YAXAAG@Z    100095e0 f i ConvexHullBuilder.obj
 0001:00008600       ?Flip@IceCore@@YAXAAI@Z    10009600 f i ConvexHullBuilder.obj
 0001:00008630       ?Flip@IceCore@@YAXAAM@Z    10009630 f i ConvexHullBuilder.obj
 0001:00008660       ??0Point@IceMaths@@QAE@ABV01@@Z 10009660 f i ConvexHullBuilder.obj
 0001:00008680       ?Neg@Point@IceMaths@@QAEAAV12@XZ 10009680 f i ConvexHullBuilder.obj
 0001:000086a0       ?Distance@Point@IceMaths@@QBEMABV12@@Z 100096a0 f i ConvexHullBuilder.obj
 0001:000086e0       ?Dot@Point@IceMaths@@QBEMABV12@@Z 100096e0 f i ConvexHullBuilder.obj
 0001:00008710       ??GPoint@IceMaths@@QBE?AV01@XZ 10009710 f i ConvexHullBuilder.obj
 0001:00008740       ??HPoint@IceMaths@@QBE?AV01@ABV01@@Z 10009740 f i ConvexHullBuilder.obj
 0001:00008770       ??DPoint@IceMaths@@QBE?AV01@M@Z 10009770 f i ConvexHullBuilder.obj
 0001:000087a0       ??YPoint@IceMaths@@QAEAAV01@ABV01@@Z 100097a0 f i ConvexHullBuilder.obj
 0001:000087d0       ??XPoint@IceMaths@@QAEAAV01@M@Z 100097d0 f i ConvexHullBuilder.obj
 0001:00008800       ??0Plane@IceMaths@@QAE@XZ  10009800 f i ConvexHullBuilder.obj
 0001:00008810       ?Set@Plane@IceMaths@@QAEAAV12@ABVPoint@2@0@Z 10009810 f i ConvexHullBuilder.obj
 0001:00008870       ??BPlane@IceMaths@@QBE?AVPoint@1@XZ 10009870 f i ConvexHullBuilder.obj
 0001:00008890       ??0IndexedTriangle@IceMaths@@QAE@XZ 10009890 f i ConvexHullBuilder.obj
 0001:000088a0       ??1IndexedTriangle@IceMaths@@QAE@XZ 100098a0 f i ConvexHullBuilder.obj
 0001:000088b0       ?DenormalizedNormal@IndexedTriangle@IceMaths@@QBEXPBVPoint@2@AAV32@@Z 100098b0 f i ConvexHullBuilder.obj
 0001:00008940       ?PlaneEquation@IndexedTriangle@IceMaths@@QBE?AVPlane@2@PBVPoint@2@@Z 10009940 f i ConvexHullBuilder.obj
 0001:00008980       ?Flip@PxHullTriangleAC@@SAXAAUPxHullTriangleData@@@Z 10009980 f i ConvexHullBuilder.obj
 0001:000089a0       ?GetVertexNormals@ConvexHull@@QBEPBVPoint@IceMaths@@XZ 100099a0 f i ConvexHullBuilder.obj
 0001:000089b0       ?GetAdjTri@AdjTriangle@@QBEIW4SharedEdgeIndex@@@Z 100099b0 f i ConvexHullBuilder.obj
 0001:000089d0       ?HasActiveEdge01@AdjTriangle@@QBEHXZ 100099d0 f i ConvexHullBuilder.obj
 0001:000089e0       ?HasActiveEdge20@AdjTriangle@@QBEHXZ 100099e0 f i ConvexHullBuilder.obj
 0001:000089f0       ?HasActiveEdge12@AdjTriangle@@QBEHXZ 100099f0 f i ConvexHullBuilder.obj
 0001:00008a00       ??0ADJACENCIESCREATE@@QAE@XZ 10009a00 f i ConvexHullBuilder.obj
 0001:00008a20       ??0MBTopology@@QAE@XZ      10009a20 f i ConvexHullBuilder.obj
 0001:00008a50       ??0MBGeometry@@QAE@XZ      10009a50 f i ConvexHullBuilder.obj
 0001:00008a70       ??0MBMaterials@@QAE@XZ     10009a70 f i ConvexHullBuilder.obj
 0001:00008a90       ??0MBCreate@@QAE@XZ        10009a90 f i ConvexHullBuilder.obj
 0001:00008ac0       ??0MBFaceData@@QAE@XZ      10009ac0 f i ConvexHullBuilder.obj
 0001:00008af0       ?GetNbReducedVerts@ReducedVertexCloud@@QBEIXZ 10009af0 f i ConvexHullBuilder.obj
 0001:00008b00       ?GetReducedVerts@ReducedVertexCloud@@QBEPBVPoint@IceMaths@@XZ 10009b00 f i ConvexHullBuilder.obj
 0001:00008b10       ??0NORMALSCREATE@@QAE@XZ   10009b10 f i ConvexHullBuilder.obj
 0001:00008b40       ?ComputeEdges@ConvexHullBuilder@@QBEPBUPxEdge8Data@@XZ 10009b40 f i ConvexHullBuilder.obj
 0001:00008b70       ?ComputeEdgeToTriangles@ConvexHullBuilder@@QBEPBUPxEdgeDescData@@XZ 10009b70 f i ConvexHullBuilder.obj
 0001:00008ba0       ?ComputeFacesByEdges@ConvexHullBuilder@@QBEPBEXZ 10009ba0 f i ConvexHullBuilder.obj
 0001:00008bd0       ?FloodFill@Local@?M@??ExtractHullPolygons@@YA_NAAIAAVContainer@IceCore@@ABVConvexHullBuilder@@PAV34@@Z@SAX1PBVAdjTriangle@@IPA_N@Z 10009bd0 f   ConvexHullBuilder.obj
 0001:00008e10       ?TestUnifiedNormals@@YA_NIPBVPoint@IceMaths@@IPAVIndexedTriangle@2@_N@Z 10009e10 f   ConvexHullBuilder.obj
 0001:00009300       ??0MBResult@@QAE@XZ        1000a300 f i ConvexHullBuilder.obj
 0001:00009390       ??0ConvexHullBuilder@@QAE@PAVConvexHull@@@Z 1000a390 f   ConvexHullBuilder.obj
 0001:000093b0       ??1ConvexHullBuilder@@UAE@XZ 1000a3b0 f   ConvexHullBuilder.obj
 0001:000093c0       ?gMyRand@@YAIAAVBasicRandom@IceCore@@@Z 1000a3c0 f i ConvexHullBuilder.obj
 0001:000093e0       ??_EIndexedTriangle@IceMaths@@QAEPAXI@Z 1000a3e0 f i ConvexHullBuilder.obj
 0001:00009450       ?CreateTrianglesFromPolygons@ConvexHullBuilder@@QAE_NXZ 1000a450 f   ConvexHullBuilder.obj
 0001:00009690       ?CheckHullPolygons@ConvexHullBuilder@@QBE_NXZ 1000a690 f   ConvexHullBuilder.obj
 0001:000097b0       ?SafeASin@@YAMM@Z          1000a7b0 f i ConvexHullBuilder.obj
 0001:00009a30       ?EncodeNormal@@YAGABUPxdVector_@@@Z 1000aa30 f i ConvexHullBuilder.obj
 0001:00009aa0       ?CreateNormals@ConvexHullBuilder@@QAE_NXZ 1000aaa0 f   ConvexHullBuilder.obj
 0001:00009c90       ?Add@Container@IceCore@@QAEAAV12@ABV12@@Z 1000ac90 f i ConvexHullBuilder.obj
 0001:00009cf0       ?ComputeVertexNormals@ConvexHullBuilder@@QBEPBVPoint@IceMaths@@XZ 1000acf0 f i ConvexHullBuilder.obj
 0001:00009d20       ?ExtractHullPolygons@@YA_NAAIAAVContainer@IceCore@@ABVConvexHullBuilder@@PAV12@@Z 1000ad20 f   ConvexHullBuilder.obj
 0001:0000a620       ??_EConvexHullBuilder@@UAEPAXI@Z 1000b620 f i ConvexHullBuilder.obj
 0001:0000a620       ??_GConvexHullBuilder@@UAEPAXI@Z 1000b620 f i ConvexHullBuilder.obj
 0001:0000a650       ?CreatePolygonData@ConvexHullBuilder@@QAE_NXZ 1000b650 f   ConvexHullBuilder.obj
 0001:0000ac80       ?ComputeNbPolygons@ConvexHullBuilder@@QBEIXZ 1000bc80 f i ConvexHullBuilder.obj
 0001:0000acb0       ?ComputePolygon@ConvexHullBuilder@@QBEABUPxHullPolygonData@@I@Z 1000bcb0 f i ConvexHullBuilder.obj
 0001:0000acf0       ?Compute@ConvexHullBuilder@@UAE_NABUCONVEXHULLCREATE@@@Z 1000bcf0 f   ConvexHullBuilder.obj
 0001:0000be70       ?Init@ConvexHullBuilder@@UAE_NABUSurfaceInterface@@PBI1PB_N@Z 1000ce70 f   ConvexHullBuilder.obj
 0001:0000c420       ?CreateEdgeList@ConvexHullBuilder@@QAE_NXZ 1000d420 f   ConvexHullBuilder.obj
 0001:0000ce50       ?ComputeNbEdges@ConvexHullBuilder@@QBEIXZ 1000de50 f i ConvexHullBuilder.obj
 0001:0000ce80       ?Save@ConvexHullBuilder@@UBE_NAAVStream@IceCore@@@Z 1000de80 f   ConvexHullBuilder.obj
 0001:0000d6d0       _powf                      1000e6d0 f i ConvexMeshBuilder.obj
 0001:0000d6f0       ?isFinite@NxMath@@SA_NM@Z  1000e6f0 f i ConvexMeshBuilder.obj
 0001:0000d720       ??0NxVec3@@QAE@XZ          1000e720 f i ConvexMeshBuilder.obj
 0001:0000d730       ??4NxVec3@@QAEABV0@ABV0@@Z 1000e730 f i ConvexMeshBuilder.obj
 0001:0000d750       ?isFinite@NxVec3@@QBE_NXZ  1000e750 f i ConvexMeshBuilder.obj
 0001:0000d7c0       ??XNxVec3@@QAEAAV0@M@Z     1000e7c0 f i ConvexMeshBuilder.obj
 0001:0000d7f0       ??RNxMat33@@QAEAAMHH@Z     1000e7f0 f i ConvexMeshBuilder.obj
 0001:0000d810       ?isFinite@NxMat33@@QBE_NXZ 1000e810 f i ConvexMeshBuilder.obj
 0001:0000d940       ?setNegative@NxMat33@@QAEXXZ 1000e940 f i ConvexMeshBuilder.obj
 0001:0000d9a0       ??XNxMat33@@QAEABV0@M@Z    1000e9a0 f i ConvexMeshBuilder.obj
 0001:0000da20       ?setToDefault@NxSimpleTriangleMesh@@QAEXXZ 1000ea20 f i ConvexMeshBuilder.obj
 0001:0000da40       ?set@NxBounds3@@QAEXABVNxVec3@@0@Z 1000ea40 f i ConvexMeshBuilder.obj
 0001:0000da80       ?scale@NxBounds3@@QAEXM@Z  1000ea80 f i ConvexMeshBuilder.obj
 0001:0000dad0       ??_H@YGXPAXIHP6EPAX0@Z@Z   1000ead0 f i ConvexMeshBuilder.obj
 0001:0000db10       ??0Stream@IceCore@@QAE@XZ  1000eb10 f i ConvexMeshBuilder.obj
 0001:0000db20       ??1Stream@IceCore@@UAE@XZ  1000eb20 f i ConvexMeshBuilder.obj
 0001:0000db30       ??_GStream@IceCore@@UAEPAXI@Z 1000eb30 f i ConvexMeshBuilder.obj
 0001:0000db30       ??_EStream@IceCore@@UAEPAXI@Z 1000eb30 f i ConvexMeshBuilder.obj
 0001:0000db60       ?SetNbTriangles@MeshInterface@Opcode@@QAEXI@Z 1000eb60 f i ConvexMeshBuilder.obj
 0001:0000db70       ?SetNbVertices@MeshInterface@Opcode@@QAEXI@Z 1000eb70 f i ConvexMeshBuilder.obj
 0001:0000db80       ??0SurfaceInterface@@QAE@XZ 1000eb80 f i ConvexMeshBuilder.obj
 0001:0000dba0       ??0CONVEXHULLCREATE@@QAE@XZ 1000eba0 f i ConvexMeshBuilder.obj
 0001:0000dbc0       ?GetNbPolygons@ConvexHull@@QBEIXZ 1000ebc0 f i ConvexMeshBuilder.obj
 0001:0000dbd0       ?getInternalTrisFast@ConvexMesh@@QBEPBUPxHullTriangleData@@XZ 1000ebd0 f i ConvexMeshBuilder.obj
 0001:0000dbe0       ?getInternalVertsFast@ConvexMesh@@QBEPBVNxVec3@@XZ 1000ebe0 f i ConvexMeshBuilder.obj
 0001:0000dbf0       ?getConvexMeshData@ConvexMesh@@QAEPAUPxConvexMeshData_@@XZ 1000ebf0 f i ConvexMeshBuilder.obj
 0001:0000dc00       ?getInstance@FoundationSDK@NxFoundation@@SAAAV12@XZ 1000ec00 f i ConvexMeshBuilder.obj
 0001:0000dc20       ?error@FoundationSDK@NxFoundation@@SA_NW4NxErrorCode@@PBDHPA_N1ZZ 1000ec20 f i ConvexMeshBuilder.obj
 0001:0000dc70       ?NxFlexiCopy@@YAXPBXPAXIII@Z 1000ec70 f i ConvexMeshBuilder.obj
 0001:0000dcd0       ?isValid@NxConvexMeshDesc@@QBE_NXZ 1000ecd0 f i ConvexMeshBuilder.obj
 0001:0000dd40       ?getOriginInertia@NxIntegrals@@QAEXAAVNxMat33@@@Z 1000ed40 f i ConvexMeshBuilder.obj
 0001:0000dee0       ??0ConvexMeshBuilder@@QAE@XZ 1000eee0 f   ConvexMeshBuilder.obj
 0001:0000df00       ?canRunOnHW@ConvexMesh@@UBE_NXZ 1000ef00 f i ConvexMeshBuilder.obj
 0001:0000df30       ??1ConvexMeshBuilder@@QAE@XZ 1000ef30 f   ConvexMeshBuilder.obj
 0001:0000df40       ??0StreamSave@@QAE@AAVNxStream@@@Z 1000ef40 f i ConvexMeshBuilder.obj
 0001:0000df60       ?ReadByte@StreamSave@@UBEEXZ 1000ef60 f i ConvexMeshBuilder.obj
 0001:0000df70       ?ReadWord@StreamSave@@UBEGXZ 1000ef70 f i ConvexMeshBuilder.obj
 0001:0000df80       ?ReadDword@StreamSave@@UBEIXZ 1000ef80 f i ConvexMeshBuilder.obj
 0001:0000df90       ?ReadFloat@StreamSave@@UBEMXZ 1000ef90 f i ConvexMeshBuilder.obj
 0001:0000dfa0       ?ReadDouble@StreamSave@@UBENXZ 1000efa0 f i ConvexMeshBuilder.obj
 0001:0000dfb0       ?ReadBuffer@StreamSave@@UBEXPAXI@Z 1000efb0 f i ConvexMeshBuilder.obj
 0001:0000dfc0       ?StoreByte@StreamSave@@UAEAAVStream@IceCore@@E@Z 1000efc0 f i ConvexMeshBuilder.obj
 0001:0000dfe0       ?StoreWord@StreamSave@@UAEAAVStream@IceCore@@G@Z 1000efe0 f i ConvexMeshBuilder.obj
 0001:0000e000       ?StoreDword@StreamSave@@UAEAAVStream@IceCore@@I@Z 1000f000 f i ConvexMeshBuilder.obj
 0001:0000e020       ?StoreFloat@StreamSave@@UAEAAVStream@IceCore@@M@Z 1000f020 f i ConvexMeshBuilder.obj
 0001:0000e040       ?StoreDouble@StreamSave@@UAEAAVStream@IceCore@@N@Z 1000f040 f i ConvexMeshBuilder.obj
 0001:0000e070       ?StoreBuffer@StreamSave@@UAEAAVStream@IceCore@@PBXI@Z 1000f070 f i ConvexMeshBuilder.obj
 0001:0000e0a0       ??1StreamSave@@UAE@XZ      1000f0a0 f i ConvexMeshBuilder.obj
 0001:0000e0b0       ?createOpcodeModel@ConvexMeshBuilder@@AAE_NXZ 1000f0b0 f   ConvexMeshBuilder.obj
 0001:0000e210       ??0NxIntegrals@@QAE@XZ     1000f210 f i ConvexMeshBuilder.obj
 0001:0000e220       ?computeConvexHull@ConvexMeshBuilder@@QAE_NABVNxConvexMeshDesc@@@Z 1000f220 f   ConvexMeshBuilder.obj
 0001:0000e330       ?loadConvexHull@ConvexMeshBuilder@@QAE_NABVNxConvexMeshDesc@@@Z 1000f330 f   ConvexMeshBuilder.obj
 0001:0000e580       ?computeLocalBounds@ConvexMeshBuilder@@QAEXXZ 1000f580 f   ConvexMeshBuilder.obj
 0001:0000e670       ?computeGaussMaps@ConvexMeshBuilder@@QAE_NXZ 1000f670 f   ConvexMeshBuilder.obj
 0001:0000e7c0       ?scale@ConvexMeshBuilder@@QAE_NM@Z 1000f7c0 f   ConvexMeshBuilder.obj
 0001:0000ecc0       ??0NxSimpleTriangleMesh@@QAE@XZ 1000fcc0 f i ConvexMeshBuilder.obj
 0001:0000ece0       ?getNpConvexMesh@ConvexMesh@@UAEPAVNpConvexMesh@@XZ 1000fce0 f i ConvexMeshBuilder.obj
 0001:0000ecf0       ?setNpConvexMesh@ConvexMesh@@UAEXPAVNpConvexMesh@@@Z 1000fcf0 f i ConvexMeshBuilder.obj
 0001:0000ed00       ?getNumVertices@ConvexMesh@@UBEIXZ 1000fd00 f i ConvexMeshBuilder.obj
 0001:0000ed10       ?getNumTriangles@ConvexMesh@@UBEIXZ 1000fd10 f i ConvexMeshBuilder.obj
 0001:0000ed20       ?getInternalTris@ConvexMesh@@UBEPBUNxTriangle32@@XZ 1000fd20 f i ConvexMeshBuilder.obj
 0001:0000ed30       ?getInternalVerts@ConvexMesh@@UBEPBVNxVec3@@XZ 1000fd30 f i ConvexMeshBuilder.obj
 0001:0000ed40       ?loadFromDesc@ConvexMeshBuilder@@QAE_NABVNxConvexMeshDesc@@@Z 1000fd40 f   ConvexMeshBuilder.obj
 0001:0000efd0       ??_GStreamSave@@UAEPAXI@Z  1000ffd0 f i ConvexMeshBuilder.obj
 0001:0000efd0       ??_EStreamSave@@UAEPAXI@Z  1000ffd0 f i ConvexMeshBuilder.obj
 0001:0000f000       ?computeMassInfo@ConvexMeshBuilder@@QBEPBVMeshMassInfo@@XZ 10010000 f   ConvexMeshBuilder.obj
 0001:0000f390       ?save@ConvexMeshBuilder@@QBE_NAAVNxStream@@I@Z 10010390 f   ConvexMeshBuilder.obj
 0001:0000f650       ??0NxVec3@@QAE@MMM@Z       10010650 f i Cooking.obj
 0001:0000f670       ??0NxVec3@@QAE@ABV0@@Z     10010670 f i Cooking.obj
 0001:0000f690       ??HNxVec3@@QBE?AV0@ABV0@@Z 10010690 f i Cooking.obj
 0001:0000f6c0       ??1NxMat33@@QAE@XZ         100106c0 f i Cooking.obj
 0001:0000f6d0       ?multiply@NxMat33@@QBEXABVNxVec3@@AAV2@@Z 100106d0 f i Cooking.obj
 0001:0000f740       ??DNxMat33@@QBE?AVNxVec3@@ABV1@@Z 10010740 f i Cooking.obj
 0001:0000f7b0       ??1NxMat34@@QAE@XZ         100107b0 f i Cooking.obj
 0001:0000f7c0       ?multiply@NxMat34@@QBEXABVNxVec3@@AAV2@@Z 100107c0 f i Cooking.obj
 0001:0000f850       ?isValid@NxSimpleTriangleMesh@@QBE_NXZ 10010850 f i Cooking.obj
 0001:0000f8b0       ?isValid@NxTriangleMeshDesc@@QBE_NXZ 100108b0 f i Cooking.obj
 0001:0000f950       ??2NxAllocateable@NxFoundation@@SAPAXIW4NxMemoryType@@@Z 10010950 f i Cooking.obj
 0001:0000f970       ??3NxAllocateable@NxFoundation@@SAXPAX@Z 10010970 f i Cooking.obj
 0001:0000f990       ??3NxAllocateable@NxFoundation@@SAXPAXW4NxMemoryType@@@Z 10010990 f i Cooking.obj
 0001:0000f9b0       ??1NxTriangle@@QAE@XZ      100109b0 f i Cooking.obj
 0001:0000f9c0       ?getNumTriangles@InternalTriangleMesh@@QBEIXZ 100109c0 f i Cooking.obj
 0001:0000f9d0       ?getVertex@InternalTriangleMesh@@QBEABVNxVec3@@I@Z 100109d0 f i Cooking.obj
 0001:0000f9f0       ?getTriangle@InternalTriangleMesh@@QBEABUNxTriangle32@@I@Z 100109f0 f i Cooking.obj
 0001:0000fa10       ?getTriangleFast@TriangleMesh@@QBEABUNxTriangle32@@I@Z 10010a10 f i Cooking.obj
 0001:0000fa30       ?getVertexFast@TriangleMesh@@QBEABVNxVec3@@I@Z 10010a30 f i Cooking.obj
 0001:0000fa50       ?getNumTrianglesFast@TriangleMesh@@QBEIXZ 10010a50 f i Cooking.obj
 0001:0000fa60       ?computeWorldTriangle@TriangleMesh@@QBEXAAVNxTriangle@@IABVNxMat34@@@Z 10010a60 f i Cooking.obj
 0001:0000fc40       ??1NxCookingInterface@@MAE@XZ 10010c40 f i Cooking.obj
 0001:0000fc50       ??_GNxCookingInterface@@MAEPAXI@Z 10010c50 f i Cooking.obj
 0001:0000fc50       ??_ENxCookingInterface@@MAEPAXI@Z 10010c50 f i Cooking.obj
 0001:0000fc80       ?malloc@UserAllocatorAccess@NxFoundation@@QAEPAXIW4NxMemoryType@@@Z 10010c80 f i Cooking.obj
 0001:0000fc90       ?free@UserAllocatorAccess@NxFoundation@@QAEXPAX@Z 10010c90 f i Cooking.obj
 0001:0000fcb0       ?ilog2@@YAII@Z             10010cb0 f i Cooking.obj
 0001:0000fcd0       ?isValid@NxClothMeshDesc@@QBE_NXZ 10010cd0 f i Cooking.obj
 0001:0000fd60       ??0NvClothMesh@@QAE@XZ     10010d60 f i Cooking.obj
 0001:0000fd70       ?getTriangleMeshConst@NpTriangleMesh@@QBEPBVNvTriangleMesh@@XZ 10010d70 f i Cooking.obj
 0001:0000fd80       ?littleEndian@@YADXZ       10010d80 f i Cooking.obj
 0001:0000fd90       ?getFoundationSDK@@YAPAVNxFoundationSDK@@XZ 10010d90 f   Cooking.obj
 0001:0000fda0       _NxSetCookingParams        10010da0 f   Cooking.obj
 0001:0000fdf0       _NxGetCookingParams        10010df0 f   Cooking.obj
 0001:0000fe00       _NxPlatformMismatch        10010e00 f   Cooking.obj
 0001:0000fe30       ??0Allocator@IceCore@@QAE@XZ 10010e30 f i Cooking.obj
 0001:0000fe40       ?initCooking@@YA_NPAVNxUserAllocator@@PAVNxUserOutputStream@@@Z 10010e40 f   Cooking.obj
 0001:0000fee0       ?closeCooking@@YAXXZ       10010ee0 f   Cooking.obj
 0001:0000ff20       _NxInitCooking             10010f20 f   Cooking.obj
 0001:00010030       _NxCloseCooking            10011030 f   Cooking.obj
 0001:000100d0       _NxReportCooking           100110d0 f   Cooking.obj
 0001:000100e0       ??0TriangleMeshBuilder@@QAE@XZ 100110e0 f i Cooking.obj
 0001:00010100       ?getNpTriangleMesh@TriangleMesh@@UAEPAVNpTriangleMesh@@XZ 10011100 f i Cooking.obj
 0001:00010110       ?setNpTriangleMesh@TriangleMesh@@UAEXPAVNpTriangleMesh@@@Z 10011110 f i Cooking.obj
 0001:00010120       ?getNumVertices@TriangleMesh@@UBEIXZ 10011120 f i Cooking.obj
 0001:00010130       ?getNumTriangles@TriangleMesh@@UBEIXZ 10011130 f i Cooking.obj
 0001:00010140       ?getTriangles@TriangleMesh@@UBEPBUNxTriangle32@@XZ 10011140 f i Cooking.obj
 0001:00010150       ?getVertices@TriangleMesh@@UBEPBVNxVec3@@XZ 10011150 f i Cooking.obj
 0001:00010160       ?getPageCount@TriangleMeshBuilder@@MBEIXZ 10011160 f i Cooking.obj
 0001:00010170       ?getPage@TriangleMeshBuilder@@MBEPAXIAAI@Z 10011170 f i Cooking.obj
 0001:00010180       ??1TriangleMeshBuilder@@QAE@XZ 10011180 f i Cooking.obj
 0001:00010190       ??0HullResult@@QAE@XZ      10011190 f i Cooking.obj
 0001:000101b0       ??0HullDesc@@QAE@XZ        100111b0 f i Cooking.obj
 0001:000101e0       ??_GConvexMeshBuilder@@QAEPAXI@Z 100111e0 f i Cooking.obj
 0001:00010210       _NxScaleCookedConvexMesh   10011210 f   Cooking.obj
 0001:000102b0       ?NxCookFluidHardwareTriangles@@YA_NMMMIPBVNxTriangle@@IAAVNxStream@@@Z 100112b0 f   Cooking.obj
 0001:00010370       ??4NxTriangle@@QAEAAV0@ABV0@@Z 10011370 f i Cooking.obj
 0001:000103c0       ??1CookingInterface@@UAE@XZ 100113c0 f i Cooking.obj
 0001:000103d0       ??0NxCookingInterface@@QAE@XZ 100113d0 f i Cooking.obj
 0001:000103e0       _NxGetCookingInterface     100113e0 f   Cooking.obj
 0001:00010400       ??0?$NxArray@IVUserAllocatorAccess@NxFoundation@@@@QAE@XZ 10011400 f i Cooking.obj
 0001:00010410       ??0?$NxArray@VNxVec3@@VUserAllocatorAccess@NxFoundation@@@@QAE@XZ 10011410 f i Cooking.obj
 0001:00010420       ??0?$NxArray@MVUserAllocatorAccess@NxFoundation@@@@QAE@XZ 10011420 f i Cooking.obj
 0001:00010430       ??0?$NxArray@UClothGlobalInternalConstraint@@VUserAllocatorAccess@NxFoundation@@@@QAE@XZ 10011430 f i Cooking.obj
 0001:00010440       ??0?$NxArray@PAVClothSolverPacket@@VUserAllocatorAccess@NxFoundation@@@@QAE@XZ 10011440 f i Cooking.obj
 0001:00010450       ??0?$NxArray@VNxTriangle@@VUserAllocatorAccess@NxFoundation@@@@QAE@XZ 10011450 f i Cooking.obj
 0001:00010460       ?size@?$NxArray@VNxTriangle@@VUserAllocatorAccess@NxFoundation@@@@QBEIXZ 10011460 f i Cooking.obj
 0001:00010480       ??A?$NxArray@VNxTriangle@@VUserAllocatorAccess@NxFoundation@@@@QAEAAVNxTriangle@@I@Z 10011480 f i Cooking.obj
 0001:000104a0       ?begin@?$NxArray@PAVNxTriangleMeshShape@@VUserAllocatorAccess@NxFoundation@@@@QAEPAPAVNxTriangleMeshShape@@XZ 100114a0 f i Cooking.obj
 0001:000104b0       ?end@?$NxArray@PAVNxTriangleMeshShape@@VUserAllocatorAccess@NxFoundation@@@@QAEPAPAVNxTriangleMeshShape@@XZ 100114b0 f i Cooking.obj
 0001:000104c0       ?deallocate@?$NxArray@IVUserAllocatorAccess@NxFoundation@@@@AAEXPAI@Z 100114c0 f i Cooking.obj
 0001:000104e0       ?destroy@?$NxArray@IVUserAllocatorAccess@NxFoundation@@@@AAEXPAI0@Z 100114e0 f i Cooking.obj
 0001:000104f0       ?deallocate@?$NxArray@VNxVec3@@VUserAllocatorAccess@NxFoundation@@@@AAEXPAVNxVec3@@@Z 100114f0 f i Cooking.obj
 0001:00010510       ?destroy@?$NxArray@VNxVec3@@VUserAllocatorAccess@NxFoundation@@@@AAEXPAVNxVec3@@0@Z 10011510 f i Cooking.obj
 0001:00010520       ?deallocate@?$NxArray@MVUserAllocatorAccess@NxFoundation@@@@AAEXPAM@Z 10011520 f i Cooking.obj
 0001:00010540       ?destroy@?$NxArray@MVUserAllocatorAccess@NxFoundation@@@@AAEXPAM0@Z 10011540 f i Cooking.obj
 0001:00010550       ?deallocate@?$NxArray@UClothGlobalInternalConstraint@@VUserAllocatorAccess@NxFoundation@@@@AAEXPAUClothGlobalInternalConstraint@@@Z 10011550 f i Cooking.obj
 0001:00010570       ?destroy@?$NxArray@UClothGlobalInternalConstraint@@VUserAllocatorAccess@NxFoundation@@@@AAEXPAUClothGlobalInternalConstraint@@0@Z 10011570 f i Cooking.obj
 0001:00010580       ?deallocate@?$NxArray@PAVClothSolverPacket@@VUserAllocatorAccess@NxFoundation@@@@AAEXPAPAVClothSolverPacket@@@Z 10011580 f i Cooking.obj
 0001:000105a0       ?destroy@?$NxArray@PAVClothSolverPacket@@VUserAllocatorAccess@NxFoundation@@@@AAEXPAPAVClothSolverPacket@@0@Z 100115a0 f i Cooking.obj
 0001:000105b0       ?deallocate@?$NxArray@VNxTriangle@@VUserAllocatorAccess@NxFoundation@@@@AAEXPAVNxTriangle@@@Z 100115b0 f i Cooking.obj
 0001:000105d0       ??_GNxTriangle@@QAEPAXI@Z  100115d0 f i Cooking.obj
 0001:000105f0       ?capacity@?$NxArray@VNxTriangle@@VUserAllocatorAccess@NxFoundation@@@@QBEIXZ 100115f0 f i Cooking.obj
 0001:00010620       ?copy@?$NxArray@VNxTriangle@@VUserAllocatorAccess@NxFoundation@@@@AAEPAVNxTriangle@@PBV2@0PAV2@@Z 10011620 f i Cooking.obj
 0001:000106b0       ?allocate@?$NxArray@VNxTriangle@@VUserAllocatorAccess@NxFoundation@@@@AAEPAVNxTriangle@@I@Z 100116b0 f i Cooking.obj
 0001:000106e0       ??0NxTriangle@@QAE@XZ      100116e0 f i Cooking.obj
 0001:000106f0       ?getTriangleMaterial@TriangleMesh@@UBEGI@Z 100116f0 f i Cooking.obj
 0001:00010710       ?getPageBBox@TriangleMeshBuilder@@MBE?AVNxBounds3@@I@Z 10011710 f i Cooking.obj
 0001:00010770       ??0IceAllocator@@QAE@XZ    10011770 f i Cooking.obj
 0001:00010780       ?malloc@IceAllocator@@UAEPAXIW4MemoryType@IceCore@@@Z 10011780 f i Cooking.obj
 0001:000107a0       ?realloc@IceAllocator@@UAEPAXPAXI@Z 100117a0 f i Cooking.obj
 0001:000107b0       ?free@IceAllocator@@UAEXPAX@Z 100117b0 f i Cooking.obj
 0001:000107c0       ?mallocDebug@IceAllocator@@UAEPAXIPBDI0W4MemoryType@IceCore@@@Z 100117c0 f i Cooking.obj
 0001:000107e0       ??_GTriangleMeshBuilder@@QAEPAXI@Z 100117e0 f i Cooking.obj
 0001:00010810       _NxCookConvexMesh          10011810 f   Cooking.obj
 0001:00010b20       ?NxComputeFluidHardwareMeshCRC32@@YAIMMMIAAV?$NxArraySDK@PAVNxTriangleMeshShape@@@NxFoundation@@@Z 10011b20 f   Cooking.obj
 0001:00010f30       ??0CookingInterface@@QAE@XZ 10011f30 f i Cooking.obj
 0001:00010f40       ?NxSetCookingParams@CookingInterface@@UAE_NABUNxCookingParams@@@Z 10011f40 f i Cooking.obj
 0001:00010f90       ?NxGetCookingParams@CookingInterface@@UAEABUNxCookingParams@@XZ 10011f90 f i Cooking.obj
 0001:00010fa0       ?NxPlatformMismatch@CookingInterface@@UAE_NXZ 10011fa0 f i Cooking.obj
 0001:00010fd0       ?NxInitCooking@CookingInterface@@UAE_NPAVNxUserAllocator@@PAVNxUserOutputStream@@@Z 10011fd0 f i Cooking.obj
 0001:00010ff0       ?NxCloseCooking@CookingInterface@@UAEXXZ 10011ff0 f i Cooking.obj
 0001:00011000       ?NxCreatePMap@CookingInterface@@UAE_NAAVNxPMap@@ABVNxTriangleMesh@@IPAVNxUserOutputStream@@@Z 10012000 f i Cooking.obj
 0001:00011030       ?NxReleasePMap@CookingInterface@@UAE_NAAVNxPMap@@@Z 10012030 f i Cooking.obj
 0001:00011050       ??_GCookingInterface@@UAEPAXI@Z 10012050 f i Cooking.obj
 0001:00011050       ??_ECookingInterface@@UAEPAXI@Z 10012050 f i Cooking.obj
 0001:00011080       ?NxCookConvexMesh@CookingInterface@@UAE_NABVNxConvexMeshDesc@@AAVNxStream@@@Z 10012080 f i Cooking.obj
 0001:000110a0       ??1?$NxArray@IVUserAllocatorAccess@NxFoundation@@@@QAE@XZ 100120a0 f i Cooking.obj
 0001:000110e0       ??1?$NxArray@VNxVec3@@VUserAllocatorAccess@NxFoundation@@@@QAE@XZ 100120e0 f i Cooking.obj
 0001:00011120       ??1?$NxArray@MVUserAllocatorAccess@NxFoundation@@@@QAE@XZ 10012120 f i Cooking.obj
 0001:00011160       ??1?$NxArray@UClothGlobalInternalConstraint@@VUserAllocatorAccess@NxFoundation@@@@QAE@XZ 10012160 f i Cooking.obj
 0001:000111a0       ??1?$NxArray@PAVClothSolverPacket@@VUserAllocatorAccess@NxFoundation@@@@QAE@XZ 100121a0 f i Cooking.obj
 0001:000111e0       ?destroy@?$NxArray@VNxTriangle@@VUserAllocatorAccess@NxFoundation@@@@AAEXPAVNxTriangle@@0@Z 100121e0 f i Cooking.obj
 0001:000111f0       ?reserve@?$NxArray@VNxTriangle@@VUserAllocatorAccess@NxFoundation@@@@QAEXI@Z 100121f0 f i Cooking.obj
 0001:00011320       ??0?$NxArraySDK@I@NxFoundation@@QAE@XZ 10012320 f i Cooking.obj
 0001:00011330       ??1?$NxArraySDK@I@NxFoundation@@QAE@XZ 10012330 f i Cooking.obj
 0001:00011370       ??0?$NxArraySDK@VNxVec3@@@NxFoundation@@QAE@XZ 10012370 f i Cooking.obj
 0001:00011380       ??1?$NxArraySDK@VNxVec3@@@NxFoundation@@QAE@XZ 10012380 f i Cooking.obj
 0001:000113c0       ??0?$NxArraySDK@M@NxFoundation@@QAE@XZ 100123c0 f i Cooking.obj
 0001:000113d0       ??1?$NxArraySDK@M@NxFoundation@@QAE@XZ 100123d0 f i Cooking.obj
 0001:00011410       ??0?$NxArraySDK@UClothGlobalInternalConstraint@@@NxFoundation@@QAE@XZ 10012410 f i Cooking.obj
 0001:00011420       ??1?$NxArraySDK@UClothGlobalInternalConstraint@@@NxFoundation@@QAE@XZ 10012420 f i Cooking.obj
 0001:00011460       ??0?$NxArraySDK@PAVClothSolverPacket@@@NxFoundation@@QAE@XZ 10012460 f i Cooking.obj
 0001:00011470       ??1?$NxArraySDK@PAVClothSolverPacket@@@NxFoundation@@QAE@XZ 10012470 f i Cooking.obj
 0001:000114b0       _NxCookTriangleMesh        100124b0 f   Cooking.obj
 0001:000115d0       ?NxCookTriangleMesh@CookingInterface@@UAE_NABVNxTriangleMeshDesc@@AAVNxStream@@@Z 100125d0 f i Cooking.obj
 0001:000115f0       ??1?$NxArray@VNxTriangle@@VUserAllocatorAccess@NxFoundation@@@@QAE@XZ 100125f0 f i Cooking.obj
 0001:00011630       ?pushBack@?$NxArray@VNxTriangle@@VUserAllocatorAccess@NxFoundation@@@@QAEXABVNxTriangle@@@Z 10012630 f i Cooking.obj
 0001:000117d0       ??0ClothMesh@@QAE@XZ       100127d0 f i Cooking.obj
 0001:00011880       ?setNpClothMesh@ClothMesh@@UAEXPAVNpClothMesh@@@Z 10012880 f i Cooking.obj
 0001:00011890       ?getNpClothMesh@ClothMesh@@UAEPAVNpClothMesh@@XZ 10012890 f i Cooking.obj
 0001:000118a0       ??0?$NxArraySDK@VNxTriangle@@@NxFoundation@@QAE@XZ 100128a0 f i Cooking.obj
 0001:000118b0       ??1?$NxArraySDK@VNxTriangle@@@NxFoundation@@QAE@XZ 100128b0 f i Cooking.obj
 0001:000118f0       _NxCookClothMesh           100128f0 f   Cooking.obj
 0001:00011a30       ?NxCookClothMesh@CookingInterface@@UAE_NABVNxClothMeshDesc@@AAVNxStream@@@Z 10012a30 f i Cooking.obj
 0001:00011a50       ?push_back@?$NxArray@VNxTriangle@@VUserAllocatorAccess@NxFoundation@@@@QAEXABVNxTriangle@@@Z 10012a50 f i Cooking.obj
 0001:00011bf0       ?NxCookFluidHardwareMesh@@YA_NMMMIAAV?$NxArraySDK@PAVNxTriangleMeshShape@@@NxFoundation@@AAVNxStream@@@Z 10012bf0 f   Cooking.obj
 0001:00012230       ?FillMemory@@YAXPAXIE@Z    10013230 f i CookingUtils.obj
 0001:00012270       ?DeleteIndex@Container@IceCore@@QAEXI@Z 10013270 f i CookingUtils.obj
 0001:00012290       ?GetHashValue@Point@IceMaths@@QBEIXZ 10013290 f i CookingUtils.obj
 0001:000122c0       ??9Point@IceMaths@@QBE_NABV01@@Z 100132c0 f i CookingUtils.obj
 0001:000122f0       ?SafeATan@@YAMMM@Z         100132f0 f i CookingUtils.obj
 0001:00012360       ?FindLineStrip@@YA_NAAVContainer@IceCore@@ABV12@@Z 10013360 f   CookingUtils.obj
 0001:00012650       ??0ReducedVertexCloud@@QAE@PBVPoint@IceMaths@@I@Z 10013650 f   CookingUtils.obj
 0001:00012680       ?Clean@ReducedVertexCloud@@QAEAAV1@XZ 10013680 f   CookingUtils.obj
 0001:000126e0       ?Reduce@ReducedVertexCloud@@QAE_NPAUREDUCEDCLOUD@@@Z 100136e0 f   CookingUtils.obj
 0001:000129b0       ??8Vector3@@QBE_NABU0@@Z   100139b0 f i CookingUtils.obj
 0001:00012a00       ??9Vector3@@QBE_NABU0@@Z   10013a00 f i CookingUtils.obj
 0001:00012a70       ?getHashValue@Vector3@@QBEIXZ 10013a70 f i CookingUtils.obj
 0001:00012aa0       ?nextPowerOfTwo@@YAHH@Z    10013aa0 f i CookingUtils.obj
 0001:00012ac0       ?weld@@YAHPAUVector3@@H@Z  10013ac0 f   CookingUtils.obj
 0001:00012cd0       ?Reduce2@ReducedVertexCloud@@QAE_NPAUREDUCEDCLOUD@@@Z 10013cd0 f   CookingUtils.obj
 0001:00012f80       ??0SmoothNormals@@QAE@XZ   10013f80 f   CookingUtils.obj
 0001:00012fa0       ??1SmoothNormals@@QAE@XZ   10013fa0 f   CookingUtils.obj
 0001:00013090       ?Compute@SmoothNormals@@QAE_NABUNORMALSCREATE@@@Z 10014090 f   CookingUtils.obj
 0001:00013660       ??$TSwap@E@IceCore@@YAXAAE0@Z 10014660 f i CookingUtils.obj
 0001:00013680       ?InverseBuffer@@YA_NIPAE@Z 10014680 f   CookingUtils.obj
 0001:000136d0       ??1ReducedVertexCloud@@QAE@XZ 100146d0 f   CookingUtils.obj
 0001:00013730       _acosf                     10014730 f i hulllib.obj
 0001:00013740       _cosf                      10014740 f i hulllib.obj
 0001:00013750       _floorf                    10014750 f i hulllib.obj
 0001:00013770       _sinf                      10014770 f i hulllib.obj
 0001:00013780       _tanf                      10014780 f i hulllib.obj
 0001:00013790       ?cos@@YAMM@Z               10014790 f i hulllib.obj
 0001:000137a0       ?fabs@@YAMM@Z              100147a0 f i hulllib.obj
 0001:000137b0       ?HasHullFlag@HullDesc@@QBE_NW4HullFlag@@@Z 100147b0 f i hulllib.obj
 0001:000137c0       ??0int3@@QAE@HHH@Z         100147c0 f i hulllib.obj
 0001:000137e0       ??Aint3@@QBEABHH@Z         100147e0 f i hulllib.obj
 0001:000137f0       ??Aint3@@QAEAAHH@Z         100147f0 f i hulllib.obj
 0001:00013800       ??0float3@@QAE@XZ          10014800 f i hulllib.obj
 0001:00013810       ??0float3@@QAE@MMM@Z       10014810 f i hulllib.obj
 0001:00013830       ??Afloat3@@QAEAAMH@Z       10014830 f i hulllib.obj
 0001:00013840       ??Afloat3@@QBEABMH@Z       10014840 f i hulllib.obj
 0001:00013850       ??8@YAHABVfloat3@@0@Z      10014850 f i hulllib.obj
 0001:000138a0       ??9@YAHABVfloat3@@0@Z      100148a0 f i hulllib.obj
 0001:000138f0       ??0float3x3@@QAE@XZ        100148f0 f i hulllib.obj
 0001:00013920       ??0float3x3@@QAE@Vfloat3@@00@Z 10014920 f i hulllib.obj
 0001:00013980       ??Afloat3x3@@QAEAAVfloat3@@H@Z 10014980 f i hulllib.obj
 0001:00013990       ??Afloat3x3@@QBEABVfloat3@@H@Z 10014990 f i hulllib.obj
 0001:000139a0       ??0float4@@QAE@XZ          100149a0 f i hulllib.obj
 0001:000139c0       ??0float4@@QAE@MMMM@Z      100149c0 f i hulllib.obj
 0001:000139f0       ??Afloat4@@QBEABMH@Z       100149f0 f i hulllib.obj
 0001:00013a00       ?xyz@float4@@QBEABVfloat3@@XZ 10014a00 f i hulllib.obj
 0001:00013a10       ?xyz@float4@@QAEAAVfloat3@@XZ 10014a10 f i hulllib.obj
 0001:00013a20       ??0float4x4@@QAE@XZ        10014a20 f i hulllib.obj
 0001:00013a70       ??0float4x4@@QAE@ABVfloat4@@000@Z 10014a70 f i hulllib.obj
 0001:00013b10       ??0float4x4@@QAE@MMMMMMMMMMMMMMMM@Z 10014b10 f i hulllib.obj
 0001:00013bb0       ??Rfloat4x4@@QBEABMHH@Z    10014bb0 f i hulllib.obj
 0001:00013bd0       ??0Quaternion@@QAE@XZ      10014bd0 f i hulllib.obj
 0001:00013bf0       ??0Quaternion@@QAE@MMMM@Z  10014bf0 f i hulllib.obj
 0001:00013c20       ?xdir@Quaternion@@QBE?AVfloat3@@XZ 10014c20 f i hulllib.obj
 0001:00013c80       ?ydir@Quaternion@@QBE?AVfloat3@@XZ 10014c80 f i hulllib.obj
 0001:00013ce0       ??0Plane@@QAE@ABVfloat3@@M@Z 10014ce0 f i hulllib.obj
 0001:00013d10       ??0Plane@@QAE@XZ           10014d10 f i hulllib.obj
 0001:00013d30       ??8@YAHABVPlane@@0@Z       10014d30 f i hulllib.obj
 0001:00013d90       ?sqr@@YAMM@Z               10014d90 f   hulllib.obj
 0001:00013da0       ?Round@@YAMMM@Z            10014da0 f   hulllib.obj
 0001:00013dd0       ?Interpolate@@YAMABM0M@Z   10014dd0 f   hulllib.obj
 0001:00013e00       ?argmin@@YAHQAMH@Z         10014e00 f   hulllib.obj
 0001:00013f40       ??H@YA?AVfloat3@@ABV0@0@Z  10014f40 f   hulllib.obj
 0001:00013f70       ??G@YA?AVfloat3@@ABV0@0@Z  10014f70 f   hulllib.obj
 0001:00013fa0       ??G@YA?AVfloat3@@ABV0@@Z   10014fa0 f   hulllib.obj
 0001:00013fd0       ??D@YA?AVfloat3@@ABV0@M@Z  10014fd0 f   hulllib.obj
 0001:00014000       ??D@YA?AVfloat3@@MABV0@@Z  10015000 f   hulllib.obj
 0001:00014030       ??K@YA?AVfloat3@@ABV0@M@Z  10015030 f   hulllib.obj
 0001:00014070       ?dot@@YAMABVfloat3@@0@Z    10015070 f   hulllib.obj
 0001:000140a0       ?cmul@@YA?AVfloat3@@ABV1@0@Z 100150a0 f   hulllib.obj
 0001:000140d0       ?cross@@YA?AVfloat3@@ABV1@0@Z 100150d0 f   hulllib.obj
 0001:00014120       ??Y@YAAAVfloat3@@AAV0@ABV0@@Z 10015120 f   hulllib.obj
 0001:00014150       ??Z@YAAAVfloat3@@AAV0@ABV0@@Z 10015150 f   hulllib.obj
 0001:00014180       ??X@YAAAVfloat3@@AAV0@M@Z  10015180 f   hulllib.obj
 0001:000141b0       ??_0@YAAAVfloat3@@AAV0@M@Z 100151b0 f   hulllib.obj
 0001:000141e0       ?vabs@@YA?AVfloat3@@ABV1@@Z 100151e0 f   hulllib.obj
 0001:00014210       ?magnitude@@YAMABVfloat3@@@Z 10015210 f   hulllib.obj
 0001:00014240       ?normalize@@YA?AVfloat3@@ABV1@@Z 10015240 f   hulllib.obj
 0001:000142e0       ?safenormalize@@YA?AVfloat3@@ABV1@@Z 100152e0 f   hulllib.obj
 0001:00014350       ?Round@@YA?AVfloat3@@ABV1@M@Z 10015350 f   hulllib.obj
 0001:00014410       ?Interpolate@@YA?AVfloat3@@ABV1@0M@Z 10015410 f   hulllib.obj
 0001:00014490       ?Determinant@@YAMABVfloat3x3@@@Z 10015490 f   hulllib.obj
 0001:000144f0       ?Inverse@@YA?AVfloat3x3@@ABV1@@Z 100154f0 f   hulllib.obj
 0001:00014690       ?Transpose@@YA?AVfloat3x3@@ABV1@@Z 10015690 f   hulllib.obj
 0001:00014750       ??D@YA?AVfloat3@@ABV0@ABVfloat3x3@@@Z 10015750 f   hulllib.obj
 0001:000147c0       ??D@YA?AVfloat3@@ABVfloat3x3@@ABV0@@Z 100157c0 f   hulllib.obj
 0001:00014830       ??D@YA?AVfloat3x3@@ABV0@0@Z 10015830 f   hulllib.obj
 0001:000149c0       ??D@YA?AVfloat3x3@@ABV0@ABM@Z 100159c0 f   hulllib.obj
 0001:00014a90       ??K@YA?AVfloat3x3@@ABV0@ABM@Z 10015a90 f   hulllib.obj
 0001:00014b70       ??H@YA?AVfloat3x3@@ABV0@0@Z 10015b70 f   hulllib.obj
 0001:00014c50       ??G@YA?AVfloat3x3@@ABV0@0@Z 10015c50 f   hulllib.obj
 0001:00014d30       ??Y@YAAAVfloat3x3@@AAV0@ABV0@@Z 10015d30 f   hulllib.obj
 0001:00014da0       ??Z@YAAAVfloat3x3@@AAV0@ABV0@@Z 10015da0 f   hulllib.obj
 0001:00014e10       ??X@YAAAVfloat3x3@@AAV0@ABM@Z 10015e10 f   hulllib.obj
 0001:00014e80       ?ThreePlaneIntersection@@YA?AVfloat3@@ABVPlane@@00@Z 10015e80 f   hulllib.obj
 0001:00014fc0       ??8@YAHABVfloat4@@0@Z      10015fc0 f   hulllib.obj
 0001:00015020       ?cmul@@YA?AVfloat4@@ABV1@0@Z 10016020 f   hulllib.obj
 0001:00015060       ??D@YA?AVfloat4@@ABV0@M@Z  10016060 f   hulllib.obj
 0001:000150a0       ??D@YA?AVfloat4@@MABV0@@Z  100160a0 f   hulllib.obj
 0001:000150e0       ??H@YA?AVfloat4@@ABV0@0@Z  100160e0 f   hulllib.obj
 0001:00015120       ??G@YA?AVfloat4@@ABV0@0@Z  10016120 f   hulllib.obj
 0001:00015160       ?Homogenize@@YA?AVfloat4@@ABVfloat3@@ABM@Z 10016160 f   hulllib.obj
 0001:00015190       ?MatrixTranspose@@YA?AVfloat4x4@@ABV1@@Z 10016190 f   hulllib.obj
 0001:00015260       ?MatrixPerspectiveFov@@YA?AVfloat4x4@@MMMM@Z 10016260 f   hulllib.obj
 0001:000152f0       ?MatrixTranslation@@YA?AVfloat4x4@@ABVfloat3@@@Z 100162f0 f   hulllib.obj
 0001:00015350       ?MatrixRotationZ@@YA?AVfloat4x4@@M@Z 10016350 f   hulllib.obj
 0001:000153c0       ??8@YAHABVfloat4x4@@0@Z    100163c0 f   hulllib.obj
 0001:00015470       ?Inverse@@YA?AVfloat4x4@@ABV1@@Z 10016470 f   hulllib.obj
 0001:00015bf0       ??D@YA?AVQuaternion@@ABV0@0@Z 10016bf0 f   hulllib.obj
 0001:00015cd0       ??D@YA?AVQuaternion@@ABV0@M@Z 10016cd0 f   hulllib.obj
 0001:00015d10       ?Inverse@@YA?AVQuaternion@@ABV1@@Z 10016d10 f   hulllib.obj
 0001:00015d40       ??X@YAAAVQuaternion@@AAV0@M@Z 10016d40 f   hulllib.obj
 0001:00015d80       ?Normalize@Quaternion@@QAEXXZ 10016d80 f   hulllib.obj
 0001:00015e10       ??D@YA?AVfloat3@@ABVQuaternion@@ABV0@@Z 10016e10 f   hulllib.obj
 0001:00015f60       ??D@YA?AVfloat3@@ABV0@ABVQuaternion@@@Z 10016f60 f   hulllib.obj
 0001:00015f80       ??H@YA?AVQuaternion@@ABV0@0@Z 10016f80 f   hulllib.obj
 0001:00015fc0       ?dot@@YAMABVQuaternion@@0@Z 10016fc0 f   hulllib.obj
 0001:00015ff0       ?normalize@@YA?AVQuaternion@@V1@@Z 10016ff0 f   hulllib.obj
 0001:000160c0       ?slerp@@YA?AVQuaternion@@V1@ABV1@M@Z 100170c0 f   hulllib.obj
 0001:00016290       ?Interpolate@@YA?AVQuaternion@@ABV1@0M@Z 10017290 f   hulllib.obj
 0001:000162e0       ?Yaw@@YAMABVQuaternion@@@Z 100172e0 f   hulllib.obj
 0001:00016410       ?Pitch@@YAMABVQuaternion@@@Z 10017410 f   hulllib.obj
 0001:00016510       ?Yaw@@YAMABVfloat3@@@Z     10017510 f   hulllib.obj
 0001:00016560       ?Pitch@@YAMABVfloat3@@@Z   10017560 f   hulllib.obj
 0001:000165a0       ?Transform@Plane@@QAEXABVfloat3@@ABVQuaternion@@@Z 100175a0 f   hulllib.obj
 0001:000167a0       ?RotationArc@@YA?AVQuaternion@@Vfloat3@@0@Z 100177a0 f   hulllib.obj
 0001:00016980       ?MatrixFromQuatVec@@YA?AVfloat4x4@@ABVQuaternion@@ABVfloat3@@@Z 10017980 f   hulllib.obj
 0001:00016ae0       ?PlaneLineIntersection@@YA?AVfloat3@@ABVPlane@@ABV1@1@Z 10017ae0 f   hulllib.obj
 0001:00016c10       ?PlaneProject@@YA?AVfloat3@@ABVPlane@@ABV1@@Z 10017c10 f   hulllib.obj
 0001:00016c80       ?LineProject@@YA?AVfloat3@@ABV1@00@Z 10017c80 f   hulllib.obj
 0001:00016d70       ?LineProjectTime@@YAMABVfloat3@@00@Z 10017d70 f   hulllib.obj
 0001:00016e20       ?TriNormal@@YA?AVfloat3@@ABV1@00@Z 10017e20 f   hulllib.obj
 0001:00016f20       ?BoxInside@@YAHABVfloat3@@00@Z 10017f20 f   hulllib.obj
 0001:00016fa0       ?BoxIntersect@@YAHABVfloat3@@000PAV1@@Z 10017fa0 f   hulllib.obj
 0001:00017540       ?DistanceBetweenLines@@YAMABVfloat3@@000PAV1@1@Z 10018540 f   hulllib.obj
 0001:000178b0       ?VirtualTrackBall@@YA?AVQuaternion@@ABVfloat3@@000@Z 100188b0 f   hulllib.obj
 0001:00017d70       ?PolyHit@@YAHPBVfloat3@@HABV1@1PAV1@2@Z 10018d70 f   hulllib.obj
 0001:00018600       ??0PHullResult@@QAE@XZ     10019600 f i hulllib.obj
 0001:00018620       ??0HalfEdge@ConvexH@@QAE@XZ 10019620 f i hulllib.obj
 0001:00018630       ??0HalfEdge@ConvexH@@QAE@FEE@Z 10019630 f i hulllib.obj
 0001:00018660       ?PlaneTest@@YAHABVPlane@@ABVfloat3@@@Z 10019660 f   hulllib.obj
 0001:000186d0       ?orth@@YA?AVfloat3@@ABV1@@Z 100196d0 f   hulllib.obj
 0001:000187d0       ??8@YAHABVint3@@0@Z        100197d0 f   hulllib.obj
 0001:00018810       ?roll3@@YA?AVint3@@V1@@Z   10019810 f   hulllib.obj
 0001:00018840       ?isa@@YAHABVint3@@0@Z      10019840 f   hulllib.obj
 0001:00018910       ?b2b@@YAHABVint3@@0@Z      10019910 f   hulllib.obj
 0001:00018950       ?above@@YAHPAVfloat3@@ABVint3@@ABV1@M@Z 10019950 f   hulllib.obj
 0001:000189f0       ?hasedge@@YAHABVint3@@HH@Z 100199f0 f   hulllib.obj
 0001:00018a40       ?hasvert@@YAHABVint3@@H@Z  10019a40 f   hulllib.obj
 0001:00018a70       ?shareedge@@YAHABVint3@@0@Z 10019a70 f   hulllib.obj
 0001:00018b00       ?neib@Tri@@QAEAAHHH@Z      10019b00 f   hulllib.obj
 0001:00018bb0       ?checkit@@YAXPAVTri@@@Z    10019bb0 f   hulllib.obj
 0001:00018bc0       ??0int4@@QAE@HHHH@Z        10019bc0 f i hulllib.obj
 0001:00018bf0       ??Aint4@@QAEAAHH@Z         10019bf0 f i hulllib.obj
 0001:00018c00       ?hasVolume@@YA_NPAVfloat3@@HHHH@Z 10019c00 f   hulllib.obj
 0001:00018e40       ?ReleaseHull@@YAXAAVPHullResult@@@Z 10019e40 f   hulllib.obj
 0001:00018ea0       ?ReleaseResult@HullLibrary@@QAE?AW4HullError@@AAVHullResult@@@Z 10019ea0 f   hulllib.obj
 0001:00018f20       ?GetDist@@YAMMMMPBM@Z      10019f20 f   hulllib.obj
 0001:00018f60       ?CleanupVertices@HullLibrary@@AAE_NIPBMIAAIPAMM2@Z 10019f60 f   hulllib.obj
 0001:00019a00       ?BringOutYourDead@HullLibrary@@AAEXPBMIPAMAAIPAII@Z 1001aa00 f   hulllib.obj
 0001:00019cf0       ?ComputeNormal@HullLibrary@@AAEMPAMPBM11@Z 1001acf0 f   hulllib.obj
 0001:00019de0       ??A?$Array@Vfloat3@@@@QAEAAVfloat3@@H@Z 1001ade0 f i hulllib.obj
 0001:00019e00       ??A?$Array@VHalfEdge@ConvexH@@@@QAEAAVHalfEdge@ConvexH@@H@Z 1001ae00 f i hulllib.obj
 0001:00019e10       ??A?$Array@VPlane@@@@QAEAAVPlane@@H@Z 1001ae10 f i hulllib.obj
 0001:00019e30       ??A?$Array@H@@QAEAAHH@Z    1001ae30 f i hulllib.obj
 0001:00019e40       ??A?$Array@PAVTri@@@@QAEAAPAVTri@@H@Z 1001ae40 f i hulllib.obj
 0001:00019e50       ??$Max@M@@YAMABM0@Z        1001ae50 f i hulllib.obj
 0001:00019e70       ??$Min@M@@YAMABM0@Z        1001ae70 f i hulllib.obj
 0001:00019e90       ??1?$Array@Vfloat3@@@@QAE@XZ 1001ae90 f i hulllib.obj
 0001:00019ed0       ??1?$Array@VHalfEdge@ConvexH@@@@QAE@XZ 1001aed0 f i hulllib.obj
 0001:00019f10       ??1?$Array@VPlane@@@@QAE@XZ 1001af10 f i hulllib.obj
 0001:00019f50       ??1?$Array@H@@QAE@XZ       1001af50 f i hulllib.obj
 0001:00019f90       ??1?$Array@PAVTri@@@@QAE@XZ 1001af90 f i hulllib.obj
 0001:00019fd0       ??$Swap@H@@YAXAAH0@Z       1001afd0 f i hulllib.obj
 0001:00019ff0       ??$maxdir@Vfloat3@@@@YAHPBVfloat3@@HABV0@@Z 1001aff0 f i hulllib.obj
 0001:0001a240       ??$Min@H@@YAHABH0@Z        1001b240 f i hulllib.obj
 0001:0001a260       ??1?$Array@Vint3@@@@QAE@XZ 1001b260 f i hulllib.obj
 0001:0001a2a0       ?allocate@?$Array@Vfloat3@@@@QAEXH@Z 1001b2a0 f i hulllib.obj
 0001:0001a330       ?allocate@?$Array@VHalfEdge@ConvexH@@@@QAEXH@Z 1001b330 f i hulllib.obj
 0001:0001a3a0       ?allocate@?$Array@VPlane@@@@QAEXH@Z 1001b3a0 f i hulllib.obj
 0001:0001a430       ?allocate@?$Array@H@@QAEXH@Z 1001b430 f i hulllib.obj
 0001:0001a4a0       ?allocate@?$Array@PAVTri@@@@QAEXH@Z 1001b4a0 f i hulllib.obj
 0001:0001a510       ??$maxdirfiltered@Vfloat3@@@@YAHPBVfloat3@@HABV0@AAV?$Array@H@@@Z 1001b510 f i hulllib.obj
 0001:0001a7f0       ?allocate@?$Array@Vint3@@@@QAEXH@Z 1001b7f0 f i hulllib.obj
 0001:0001a880       ??0Quaternion@@QAE@Vfloat3@@M@Z 1001b880 f i hulllib.obj
 0001:0001a940       ?clampf@@YAMM@Z            1001b940 f   hulllib.obj
 0001:0001a990       ?VectorMin@@YA?AVfloat3@@ABV1@0@Z 1001b990 f   hulllib.obj
 0001:0001aa10       ?VectorMax@@YA?AVfloat3@@ABV1@0@Z 1001ba10 f   hulllib.obj
 0001:0001aa90       ??D@YA?AVfloat4@@ABV0@ABVfloat4x4@@@Z 1001ba90 f   hulllib.obj
 0001:0001abf0       ??D@YA?AVfloat4x4@@ABV0@0@Z 1001bbf0 f   hulllib.obj
 0001:0001ac70       ?MatrixRigidInverse@@YA?AVfloat4x4@@ABV1@@Z 1001bc70 f   hulllib.obj
 0001:0001ade0       ?MatrixLookAt@@YA?AVfloat4x4@@ABVfloat3@@00@Z 1001bde0 f   hulllib.obj
 0001:0001af90       ?YawPitchRoll@@YA?AVQuaternion@@MMM@Z 1001bf90 f   hulllib.obj
 0001:0001b0e0       ?Roll@@YAMVQuaternion@@@Z  1001c0e0 f   hulllib.obj
 0001:0001b260       ?SplitTest@@YAHAAVConvexH@@ABVPlane@@@Z 1001c260 f   hulllib.obj
 0001:0001b4d0       ?AssertIntact@@YAHAAVConvexH@@@Z 1001c4d0 f   hulllib.obj
 0001:0001bc10       ??1Tri@@QAE@XZ             1001cc10 f i hulllib.obj
 0001:0001bc30       ?b2bfix@@YAXPAVTri@@0@Z    1001cc30 f   hulllib.obj
 0001:0001bd10       ??_GTri@@QAEPAXI@Z         1001cd10 f i hulllib.obj
 0001:0001bd50       ?extrudable@@YAPAVTri@@M@Z 1001cd50 f   hulllib.obj
 0001:0001be70       ??1ConvexH@@QAE@XZ         1001ce70 f i hulllib.obj
 0001:0001bf40       ?AddConvexTriangle@HullLibrary@@AAEXPAVConvexHullTriangleInterface@@PBM11@Z 1001cf40 f   hulllib.obj
 0001:0001c1d0       ??0?$Array@Vfloat3@@@@QAE@H@Z 1001d1d0 f i hulllib.obj
 0001:0001c200       ?Add@?$Array@Vfloat3@@@@QAEAAVfloat3@@V2@@Z 1001d200 f i hulllib.obj
 0001:0001c270       ??0?$Array@VHalfEdge@ConvexH@@@@QAE@H@Z 1001d270 f i hulllib.obj
 0001:0001c2a0       ??0?$Array@VPlane@@@@QAE@H@Z 1001d2a0 f i hulllib.obj
 0001:0001c2d0       ?Add@?$Array@VPlane@@@@QAEAAVPlane@@V2@@Z 1001d2d0 f i hulllib.obj
 0001:0001c350       ??0?$Array@H@@QAE@H@Z      1001d350 f i hulllib.obj
 0001:0001c380       ?Add@?$Array@H@@QAEAAHH@Z  1001d380 f i hulllib.obj
 0001:0001c3d0       ??0?$Array@PAVTri@@@@QAE@H@Z 1001d3d0 f i hulllib.obj
 0001:0001c400       ?SetSize@?$Array@PAVTri@@@@QAEXH@Z 1001d400 f i hulllib.obj
 0001:0001c450       ?Add@?$Array@PAVTri@@@@QAEAAPAVTri@@PAV2@@Z 1001d450 f i hulllib.obj
 0001:0001c4a0       ??$maxdirsterid@Vfloat3@@@@YAHPBVfloat3@@HABV0@AAV?$Array@H@@@Z 1001d4a0 f i hulllib.obj
 0001:0001c880       ??0?$Array@Vint3@@@@QAE@H@Z 1001d880 f i hulllib.obj
 0001:0001c8b0       ?Add@?$Array@Vint3@@@@QAEAAVint3@@V2@@Z 1001d8b0 f i hulllib.obj
 0001:0001c920       ??0ConvexH@@QAE@HHH@Z      1001d920 f   hulllib.obj
 0001:0001c9e0       ?ConvexHDup@@YAPAVConvexH@@PAV1@@Z 1001d9e0 f   hulllib.obj
 0001:0001cad0       ?test_btbq@@YAPAVConvexH@@XZ 1001dad0 f   hulllib.obj
 0001:0001ce50       ?test_cube@@YAPAVConvexH@@XZ 1001de50 f   hulllib.obj
 0001:0001d610       ?ConvexHMakeCube@@YAPAVConvexH@@ABVfloat3@@0@Z 1001e610 f   hulllib.obj
 0001:0001d9e0       ?ConvexHCrop@@YAPAVConvexH@@AAV1@ABVPlane@@@Z 1001e9e0 f   hulllib.obj
 0001:0001e600       ??0Tri@@QAE@HHH@Z          1001f600 f i hulllib.obj
 0001:0001e6a0       ?removeb2b@@YAXPAVTri@@0@Z 1001f6a0 f   hulllib.obj
 0001:0001e710       ?extrude@@YAXPAVTri@@H@Z   1001f710 f   hulllib.obj
 0001:0001ea20       ?FindSimplex@@YA?AVint4@@PAVfloat3@@HAAV?$Array@H@@@Z 1001fa20 f   hulllib.obj
 0001:0001efb0       ?calchullgen@@YAHPAVfloat3@@HH@Z 1001ffb0 f   hulllib.obj
 0001:0001fb10       ?calchull@@YAHPAVfloat3@@HAAPAHAAHH@Z 10020b10 f   hulllib.obj
 0001:0001fce0       ?calchullpbev@@YAHPAVfloat3@@HHAAV?$Array@VPlane@@@@M@Z 10020ce0 f   hulllib.obj
 0001:000206b0       ??_GConvexH@@QAEPAXI@Z     100216b0 f i hulllib.obj
 0001:000206e0       ?CreateTriangleMesh@HullLibrary@@QAE?AW4HullError@@AAVHullResult@@PAVConvexHullTriangleInterface@@@Z 100216e0 f   hulllib.obj
 0001:00020f90       ?ComputeHull@@YA_NIPBMAAVPHullResult@@IM@Z 10021f90 f   hulllib.obj
 0001:00021250       ?CreateConvexHull@HullLibrary@@QAE?AW4HullError@@ABVHullDesc@@AAVHullResult@@@Z 10022250 f   hulllib.obj
 0001:00021610       ?Save@GaussMapBuilder@@UBE_NAAVStream@IceCore@@@Z 10022610 f   IceGaussMapBuilder.obj
 0001:00021690       ?Precompute@GaussMapBuilder@@QAE_NI@Z 10022690 f   IceGaussMapBuilder.obj
 0001:000219c0       ?Store@CustomArray@IceCore@@QAEAAV12@E@Z 100229c0 f i IceHullGaussMapsBuilder.obj
 0001:000219d0       ?SameDirection@Point@IceMaths@@QBE_NABV12@@Z 100229d0 f i IceHullGaussMapsBuilder.obj
 0001:00021a10       ??0Ray@IceMaths@@QAE@ABVPoint@1@0@Z 10022a10 f i IceHullGaussMapsBuilder.obj
 0001:00021a50       ??1Ray@IceMaths@@QAE@XZ    10022a50 f i IceHullGaussMapsBuilder.obj
 0001:00021a60       ?GetCenter@ConvexHull@@QBEABVPoint@IceMaths@@XZ 10022a60 f i IceHullGaussMapsBuilder.obj
 0001:00021a70       ?GetPolygon@ConvexHull@@QBEABUPxHullPolygonData@@I@Z 10022a70 f i IceHullGaussMapsBuilder.obj
 0001:00021a90       ??0GaussMapBuilder@@QAE@PAVGaussMap@@@Z 10022a90 f i IceHullGaussMapsBuilder.obj
 0001:00021ab0       ??1GaussMapBuilder@@UAE@XZ 10022ab0 f i IceHullGaussMapsBuilder.obj
 0001:00021ac0       ?PostInit@GaussMapBuilder@@UAEXXZ 10022ac0 f i IceHullGaussMapsBuilder.obj
 0001:00021ad0       ??_EGaussMapBuilder@@UAEPAXI@Z 10022ad0 f i IceHullGaussMapsBuilder.obj
 0001:00021ad0       ??_GGaussMapBuilder@@UAEPAXI@Z 10022ad0 f i IceHullGaussMapsBuilder.obj
 0001:00021d00       ??0ClosestPolygonMapBuilder@@QAE@PAVClosestPolygonMap@@@Z 10022d00 f   IceHullGaussMapsBuilder.obj
 0001:00021d20       ??1ClosestPolygonMapBuilder@@UAE@XZ 10022d20 f   IceHullGaussMapsBuilder.obj
 0001:00021d30       ?Initialize@ClosestPolygonMapBuilder@@UAE_NXZ 10022d30 f   IceHullGaussMapsBuilder.obj
 0001:00021d80       ?PrecomputeSample@ClosestPolygonMapBuilder@@UAE_NIABVPoint@IceMaths@@@Z 10022d80 f   IceHullGaussMapsBuilder.obj
 0001:00021dc0       ?PostInit@ClosestPolygonMapBuilder@@UAEXXZ 10022dc0 f   IceHullGaussMapsBuilder.obj
 0001:00021dd0       ??0RaycastMapBuilder@@QAE@PAVRaycastMap@@@Z 10022dd0 f   IceHullGaussMapsBuilder.obj
 0001:00021df0       ??1RaycastMapBuilder@@UAE@XZ 10022df0 f   IceHullGaussMapsBuilder.obj
 0001:00021e00       ?Save@RaycastMapBuilder@@UBE_NAAVStream@IceCore@@@Z 10022e00 f   IceHullGaussMapsBuilder.obj
 0001:00021e80       ?Initialize@RaycastMapBuilder@@UAE_NXZ 10022e80 f   IceHullGaussMapsBuilder.obj
 0001:00021ed0       ?RayPlaneIntersect@@YA_NABVRay@IceMaths@@ABVPlane@2@AAM@Z 10022ed0 f i IceHullGaussMapsBuilder.obj
 0001:00021f50       ?PrecomputeSample@RaycastMapBuilder@@UAE_NIABVPoint@IceMaths@@@Z 10022f50 f   IceHullGaussMapsBuilder.obj
 0001:00022450       ?PostInit@RaycastMapBuilder@@UAEXXZ 10023450 f   IceHullGaussMapsBuilder.obj
 0001:00022460       ??0SupportVertexMapBuilder@@QAE@PAVSupportVertexMap@@@Z 10023460 f   IceHullGaussMapsBuilder.obj
 0001:00022480       ??1SupportVertexMapBuilder@@UAE@XZ 10023480 f   IceHullGaussMapsBuilder.obj
 0001:00022490       ?Initialize@SupportVertexMapBuilder@@UAE_NXZ 10023490 f   IceHullGaussMapsBuilder.obj
 0001:00022510       ?PrecomputeSample@SupportVertexMapBuilder@@UAE_NIABVPoint@IceMaths@@@Z 10023510 f   IceHullGaussMapsBuilder.obj
 0001:00022780       ?PostInit@SupportVertexMapBuilder@@UAEXXZ 10023780 f   IceHullGaussMapsBuilder.obj
 0001:00022790       ?Save@SupportVertexMapBuilder@@UBE_NAAVStream@IceCore@@@Z 10023790 f   IceHullGaussMapsBuilder.obj
 0001:00022820       ??_EClosestPolygonMapBuilder@@UAEPAXI@Z 10023820 f i IceHullGaussMapsBuilder.obj
 0001:00022820       ??_GClosestPolygonMapBuilder@@UAEPAXI@Z 10023820 f i IceHullGaussMapsBuilder.obj
 0001:00022850       ??_ERaycastMapBuilder@@UAEPAXI@Z 10023850 f i IceHullGaussMapsBuilder.obj
 0001:00022850       ??_GRaycastMapBuilder@@UAEPAXI@Z 10023850 f i IceHullGaussMapsBuilder.obj
 0001:00022880       ??_GSupportVertexMapBuilder@@UAEPAXI@Z 10023880 f i IceHullGaussMapsBuilder.obj
 0001:00022880       ??_ESupportVertexMapBuilder@@UAEPAXI@Z 10023880 f i IceHullGaussMapsBuilder.obj
 0001:000228b0       ?_F@@YAPBDPBDZZ            100238b0 f i IceMeshBuilder2.obj
 0001:000228c0       ?Add@Container@IceCore@@QAEAAV12@M@Z 100238c0 f i IceMeshBuilder2.obj
 0001:00022900       ?SquareMagnitude@Point@IceMaths@@QBEMXZ 10023900 f i IceMeshBuilder2.obj
 0001:00022930       ??0Vertices@@QAE@XZ        10023930 f i IceMeshBuilder2.obj
 0001:00022940       ??1Vertices@@QAE@XZ        10023940 f i IceMeshBuilder2.obj
 0001:00022950       ?GetNbVertices@Vertices@@QBEIXZ 10023950 f i IceMeshBuilder2.obj
 0001:00022960       ?GetVertices@Vertices@@QBEPBVPoint@IceMaths@@XZ 10023960 f i IceMeshBuilder2.obj
 0001:00022970       ?AddVertex@Vertices@@QAEAAV1@ABVPoint@IceMaths@@@Z 10023970 f i IceMeshBuilder2.obj
 0001:00022a20       ?sqrt@NxMath@@SAMM@Z       10023a20 f i IceMeshBuilder2.obj
 0001:00022a30       ?atan2@NxMath@@SAMMM@Z     10023a30 f i IceMeshBuilder2.obj
 0001:00022a40       ?magnitude@NxVec3@@QBEMXZ  10023a40 f i IceMeshBuilder2.obj
 0001:00022a70       ?cross@NxVec3@@QAEXABV1@0@Z 10023a70 f i IceMeshBuilder2.obj
 0001:00022ac0       ??TNxVec3@@QBE?AV0@ABV0@@Z 10023ac0 f i IceMeshBuilder2.obj
 0001:00022b10       ??UNxVec3@@QBEMABV0@@Z     10023b10 f i IceMeshBuilder2.obj
 0001:00022b40       ?NxAngle@@YAMABVNxVec3@@0@Z 10023b40 f i IceMeshBuilder2.obj
 0001:00022bc0       ??0MeshBuilder2@@QAE@XZ    10023bc0 f   IceMeshBuilder2.obj
 0001:00022dc0       ?FreeUsedRam@MeshBuilder2@@AAEAAV1@XZ 10023dc0 f   IceMeshBuilder2.obj
 0001:00022fe0       ?SetupXVerts@Local@?1??Init@MeshBuilder2@@QAE_NABUMBCreate@@@Z@SA_NIPBVPoint@IceMaths@@AAPAV56@AAI@Z 10023fe0 f   IceMeshBuilder2.obj
 0001:00023070       ?AddFace@MeshBuilder2@@QAE_NABUMBFaceData@@@Z 10024070 f   IceMeshBuilder2.obj
 0001:00023660       ?FixNullSmoothingGroups@MeshBuilder2@@AAE_NXZ 10024660 f   IceMeshBuilder2.obj
 0001:00023960       ?OptimizeXMappings@MeshBuilder2@@AAE_NAAIAAPAVPoint@IceMaths@@W4VertexCode@@@Z 10024960 f   IceMeshBuilder2.obj
 0001:00023fb0       ?OptimizeGeometry@MeshBuilder2@@AAE_NXZ 10024fb0 f   IceMeshBuilder2.obj
 0001:00024160       ?ComputeNormals@MeshBuilder2@@AAE_NXZ 10025160 f   IceMeshBuilder2.obj
 0001:00024650       ?SaveXVertices@MeshBuilder2@@AAE_NXZ 10025650 f   IceMeshBuilder2.obj
 0001:00024830       ?StoreVertex@Local@?2??RebuildVertexData@MeshBuilder2@@AAEIPBIIAAVContainer@IceCore@@@Z@SAXABULocalInfo@3@IAAII@Z 10025830 f   IceMeshBuilder2.obj
 0001:00024980       ??1MeshBuilder2@@QAE@XZ    10025980 f   IceMeshBuilder2.obj
 0001:00024ac0       ?Init@MeshBuilder2@@QAE_NABUMBCreate@@@Z 10025ac0 f   IceMeshBuilder2.obj
 0001:00024ca0       ?OptimizeTopology@MeshBuilder2@@AAE_NXZ 10025ca0 f   IceMeshBuilder2.obj
 0001:00024d20       ?RebuildVertexData@MeshBuilder2@@AAEIPBIIAAVContainer@IceCore@@@Z 10025d20 f   IceMeshBuilder2.obj
 0001:00024f00       ?BuildTrilist@MeshBuilder2@@AAEIPBIIHI@Z 10025f00 f   IceMeshBuilder2.obj
 0001:00025800       ?ComputeSubmeshes@MeshBuilder2@@AAE_NXZ 10026800 f   IceMeshBuilder2.obj
 0001:00025ad0       ?Build@MeshBuilder2@@QAE_NAAUMBResult@@@Z 10026ad0 f   IceMeshBuilder2.obj
 0001:00026080       ?dot@NxVec3@@QBEMABV1@@Z   10027080 f i InternalTriangleMeshBuilder.obj
 0001:000260b0       ??GNxVec3@@QBE?AV0@ABV0@@Z 100270b0 f i InternalTriangleMeshBuilder.obj
 0001:000260e0       ??_UNxAllocateable@NxFoundation@@SAPAXIW4NxMemoryType@@@Z 100270e0 f i InternalTriangleMeshBuilder.obj
 0001:00026100       ??_VNxAllocateable@NxFoundation@@SAXPAX@Z 10027100 f i InternalTriangleMeshBuilder.obj
 0001:00026120       ?Tweak@Point@IceMaths@@QAEXII@Z 10027120 f i InternalTriangleMeshBuilder.obj
 0001:00026150       ??0AABB@IceMaths@@QAE@XZ   10027150 f i InternalTriangleMeshBuilder.obj
 0001:00026160       ??1AABB@IceMaths@@QAE@XZ   10027160 f i InternalTriangleMeshBuilder.obj
 0001:00026170       ?SetEmpty@AABB@IceMaths@@QAEXXZ 10027170 f i InternalTriangleMeshBuilder.obj
 0001:000261e0       ?Extend@AABB@IceMaths@@QAEXABVPoint@2@@Z 100271e0 f i InternalTriangleMeshBuilder.obj
 0001:00026270       ??0BuildSettings@Opcode@@QAE@XZ 10027270 f i InternalTriangleMeshBuilder.obj
 0001:000262a0       ??1AABBTreeBuilder@Opcode@@UAE@XZ 100272a0 f i InternalTriangleMeshBuilder.obj
 0001:000262b0       ?Reset@AABBTreeBuilder@Opcode@@QAEXXZ 100272b0 f i InternalTriangleMeshBuilder.obj
 0001:000262d0       ?GetSplittingValue@AABBTreeBuilder@Opcode@@UBEMPBIIABVAABB@IceMaths@@I@Z 100272d0 f i InternalTriangleMeshBuilder.obj
 0001:000262f0       ?ValidateSubdivision@AABBTreeBuilder@Opcode@@UAEHPBIIABVAABB@IceMaths@@@Z 100272f0 f i InternalTriangleMeshBuilder.obj
 0001:00026310       ??_GAABBTreeBuilder@Opcode@@UAEPAXI@Z 10027310 f i InternalTriangleMeshBuilder.obj
 0001:00026310       ??_EAABBTreeBuilder@Opcode@@UAEPAXI@Z 10027310 f i InternalTriangleMeshBuilder.obj
 0001:00026340       ??1AABBTreeOfAABBsBuilder@Opcode@@UAE@XZ 10027340 f i InternalTriangleMeshBuilder.obj
 0001:00026350       ?GetEdge@EdgeList@NxPhysics@@QBEABUPxEdgeData@@I@Z 10027350 f i InternalTriangleMeshBuilder.obj
 0001:00026360       ?getNumVertices@InternalTriangleMesh@@QBEIXZ 10027360 f i InternalTriangleMeshBuilder.obj
 0001:00026370       ?getVertices@InternalTriangleMesh@@QAEPAVNxVec3@@XZ 10027370 f i InternalTriangleMeshBuilder.obj
 0001:00026380       ?getTriangles@InternalTriangleMesh@@QAEPAUNxTriangle32@@XZ 10027380 f i InternalTriangleMeshBuilder.obj
 0001:00026390       ?getConvexEdgeThreshold@InternalTriangleMesh@@QBEMXZ 10027390 f i InternalTriangleMeshBuilder.obj
 0001:000263a0       ?setTrigSharedEdgeFlag@InternalTriangleMesh@@QAEXII@Z 100273a0 f i InternalTriangleMeshBuilder.obj
 0001:000263c0       ?GetNbConvexSubmeshes@ConvexDecomposer@@QBEIXZ 100273c0 f i InternalTriangleMeshBuilder.obj
 0001:000263d0       ?GetConvexTags@ConvexDecomposer@@QBEPBIXZ 100273d0 f i InternalTriangleMeshBuilder.obj
 0001:000263e0       ?GetNbFlatSubmeshes@ConvexDecomposer@@QBEIXZ 100273e0 f i InternalTriangleMeshBuilder.obj
 0001:000263f0       ?GetFlatTags@ConvexDecomposer@@QBEPBIXZ 100273f0 f i InternalTriangleMeshBuilder.obj
 0001:00026400       ??0InternalTriangleMeshBuilder@@QAE@PAVInternalTriangleMesh@@@Z 10027400 f   InternalTriangleMeshBuilder.obj
 0001:00026410       ??1InternalTriangleMeshBuilder@@QAE@XZ 10027410 f   InternalTriangleMeshBuilder.obj
 0001:00026420       ?remapTopology@InternalTriangleMeshBuilder@@QAEXPBI@Z 10027420 f   InternalTriangleMeshBuilder.obj
 0001:00026790       ?createOpcodeModel@InternalTriangleMeshBuilder@@QAE_NW4NxHeightFieldAxis@@M@Z 10027790 f   InternalTriangleMeshBuilder.obj
 0001:00026930       ??_GEdgeListBuilder@NxPhysics@@QAEPAXI@Z 10027930 f i InternalTriangleMeshBuilder.obj
 0001:00026960       ??_EAABB@IceMaths@@QAEPAXI@Z 10027960 f i InternalTriangleMeshBuilder.obj
 0001:000269d0       ?init@Edge@?P@??createSharedEdgeData@InternalTriangleMeshBuilder@@QAEXXZ@QAEXIIII@Z 100279d0 f   InternalTriangleMeshBuilder.obj
 0001:00026a10       ?differentSideEffect@Edge@?P@??createSharedEdgeData@InternalTriangleMeshBuilder@@QAEXXZ@QAE_NAAU13@AAV3@@Z 10027a10 f   InternalTriangleMeshBuilder.obj
 0001:00026a80       ?isSmaller@Edge@?P@??createSharedEdgeData@InternalTriangleMeshBuilder@@QAEXXZ@QAE_NPBU13@@Z 10027a80 f   InternalTriangleMeshBuilder.obj
 0001:00026ac0       ?quickSort@Edge@?P@??createSharedEdgeData@InternalTriangleMeshBuilder@@QAEXXZ@SAXPAU13@HH@Z 10027ac0 f   InternalTriangleMeshBuilder.obj
 0001:00026c40       ?saveCollisionTree@@YAXPBVHybridModel@Opcode@@_NAAVNxStream@@@Z 10027c40 f   InternalTriangleMeshBuilder.obj
 0001:00026d00       ?normalize@NxVec3@@QAEMXZ  10027d00 f i InternalTriangleMeshBuilder.obj
 0001:00026d70       ??0AABBTreeBuilder@Opcode@@QAE@XZ 10027d70 f i InternalTriangleMeshBuilder.obj
 0001:00026dc0       ??0AABBTreeOfAABBsBuilder@Opcode@@QAE@XZ 10027dc0 f i InternalTriangleMeshBuilder.obj
 0001:00026e10       ??_EAABBTreeOfAABBsBuilder@Opcode@@UAEPAXI@Z 10027e10 f i InternalTriangleMeshBuilder.obj
 0001:00026e10       ??_GAABBTreeOfAABBsBuilder@Opcode@@UAEPAXI@Z 10027e10 f i InternalTriangleMeshBuilder.obj
 0001:00026e40       ?cleanMesh@InternalTriangleMeshBuilder@@QAE_NXZ 10027e40 f   InternalTriangleMeshBuilder.obj
 0001:000277d0       ?createConvexParts@InternalTriangleMeshBuilder@@QAE_NXZ 100287d0 f   InternalTriangleMeshBuilder.obj
 0001:000279e0       ?processUniqueEdge@Edge@?P@??createSharedEdgeData@InternalTriangleMeshBuilder@@QAEXXZ@QAEXAAV3@@Z 100289e0 f   InternalTriangleMeshBuilder.obj
 0001:00027d70       ?createSharedEdgeData@InternalTriangleMeshBuilder@@QAEXXZ 10028d70 f   InternalTriangleMeshBuilder.obj
 0001:00027ff0       _NxCreatePMap              10028ff0 f   PMap.obj
 0001:00028100       _NxReleasePMap             10029100 f   PMap.obj
 0001:00028130       ??0NxMat33@@QAE@XZ         10029130 f i TriangleMeshBuilder.obj
 0001:00028140       ?HasActiveEdge01@PxEdgeTriangleAC@@SA_NABUPxEdgeTriangleData@@@Z 10029140 f i TriangleMeshBuilder.obj
 0001:00028150       ?HasActiveEdge12@PxEdgeTriangleAC@@SA_NABUPxEdgeTriangleData@@@Z 10029150 f i TriangleMeshBuilder.obj
 0001:00028160       ?HasActiveEdge20@PxEdgeTriangleAC@@SA_NABUPxEdgeTriangleData@@@Z 10029160 f i TriangleMeshBuilder.obj
 0001:00028170       ?GetNbFaces@EdgeList@NxPhysics@@QBEIXZ 10029170 f i TriangleMeshBuilder.obj
 0001:00028180       ?getVertices@InternalTriangleMesh@@QBEPBVNxVec3@@XZ 10029180 f i TriangleMeshBuilder.obj
 0001:00028190       ?getTriangles@InternalTriangleMesh@@QBEPBUNxTriangle32@@XZ 10029190 f i TriangleMeshBuilder.obj
 0001:000281a0       ?getMaterials@InternalTriangleMesh@@QBEPBGXZ 100291a0 f i TriangleMeshBuilder.obj
 0001:000281b0       ?getFaceRemap@InternalTriangleMesh@@QBEPBIXZ 100291b0 f i TriangleMeshBuilder.obj
 0001:000281c0       ?getEdgeList@InternalTriangleMesh@@QBEPBVEdgeListBuilder@NxPhysics@@XZ 100291c0 f i TriangleMeshBuilder.obj
 0001:000281e0       ?getOpcodeModel@InternalTriangleMesh@@QBEPBVHybridModel@Opcode@@XZ 100291e0 f i TriangleMeshBuilder.obj
 0001:000281f0       ?storeByte@NxStream@@QAEAAV1@C@Z 100291f0 f i TriangleMeshBuilder.obj
 0001:00028200       ?writeIntBuffer@@YAXPBII_NAAVNxStream@@@Z 10029200 f i TriangleMeshBuilder.obj
 0001:00028210       ?importMesh@TriangleMeshBuilder@@IAE_NABVNxTriangleMeshDesc@@@Z 10029210 f   TriangleMeshBuilder.obj
 0001:00028470       ?computeLocalBounds@TriangleMeshBuilder@@IAEXXZ 10029470 f   TriangleMeshBuilder.obj
 0001:00028640       ?SaveObj@TriangleMeshBuilder@@KAXABVNxTriangleMeshDesc@@PBD@Z 10029640 f   TriangleMeshBuilder.obj
 0001:00028730       ?loadFromDesc@TriangleMeshBuilder@@QAE_NABVNxTriangleMeshDesc@@@Z 10029730 f   TriangleMeshBuilder.obj
 0001:000289c0       ?computeMassInfo@TriangleMeshBuilder@@IBEPBVMeshMassInfo@@XZ 100299c0 f   TriangleMeshBuilder.obj
 0001:00028cf0       ?save@TriangleMeshBuilder@@QBE_NAAVNxStream@@@Z 10029cf0 f   TriangleMeshBuilder.obj
 0001:000292d0       ??0ValenciesBuilder@@QAE@XZ 1002a2d0 f   ValencyBuilder.obj
 0001:000292e0       ??1ValenciesBuilder@@QAE@XZ 1002a2e0 f   ValencyBuilder.obj
 0001:000292f0       ?Compute@ValenciesBuilder@@QAE_NABUVALENCIESCREATE@@@Z 1002a2f0 f   ValencyBuilder.obj
 0001:00029530       ?Save@ValenciesBuilder@@QBE_NAAVStream@IceCore@@@Z 1002a530 f   ValencyBuilder.obj
 0001:00029640       ?planeBoxOverlap@@YAHPBVNxVec3@@M0@Z 1002a640 f   FluidIntersectionBoxTriangle.obj
 0001:00029750       ?FluidTriBoxOverlap@@YAHPBVNxVec3@@0000@Z 1002a750 f   FluidIntersectionBoxTriangle.obj
 0001:0002a170       ?floor@NxMath@@SAMM@Z      1002b170 f i FluidMeshCooker.obj
 0001:0002a190       ?abs@NxMath@@SAMM@Z        1002b190 f i FluidMeshCooker.obj
 0001:0002a1a0       ?max@NxMath@@SAMMM@Z       1002b1a0 f i FluidMeshCooker.obj
 0001:0002a1c0       ?min@NxMath@@SAMMM@Z       1002b1c0 f i FluidMeshCooker.obj
 0001:0002a1e0       ??0NxVec3@@QAE@M@Z         1002b1e0 f i FluidMeshCooker.obj
 0001:0002a200       ?set@NxVec3@@QAEXMMM@Z     1002b200 f i FluidMeshCooker.obj
 0001:0002a220       ?max@NxVec3@@QAEXABV1@@Z   1002b220 f i FluidMeshCooker.obj
 0001:0002a2a0       ?min@NxVec3@@QAEXABV1@@Z   1002b2a0 f i FluidMeshCooker.obj
 0001:0002a320       ??YNxVec3@@QAEAAV0@ABV0@@Z 1002b320 f i FluidMeshCooker.obj
 0001:0002a350       ??1NxBounds3@@QAE@XZ       1002b350 f i FluidMeshCooker.obj
 0001:0002a360       ?set@NxBounds3@@QAEXMMMMMM@Z 1002b360 f i FluidMeshCooker.obj
 0001:0002a3a0       ?include@NxBounds3@@QAEXABVNxVec3@@@Z 1002b3a0 f i FluidMeshCooker.obj
 0001:0002a480       ?fatten@NxBounds3@@QAEXM@Z 1002b480 f i FluidMeshCooker.obj
 0001:0002a4d0       ??0NxI16Vec3@@QAE@XZ       1002b4d0 f i FluidMeshCooker.obj
 0001:0002a4e0       ??0NxI16Vec3@@QAE@ABV0@@Z  1002b4e0 f i FluidMeshCooker.obj
 0001:0002a510       ??0NxI16Vec3@@QAE@FFF@Z    1002b510 f i FluidMeshCooker.obj
 0001:0002a540       ??8NxI16Vec3@@QBE_NABV0@@Z 1002b540 f i FluidMeshCooker.obj
 0001:0002a580       ??HNxI16Vec3@@QAE?BV0@ABV0@@Z 1002b580 f i FluidMeshCooker.obj
 0001:0002a5c0       ??YNxI16Vec3@@QAEABV0@ABV0@@Z 1002b5c0 f i FluidMeshCooker.obj
 0001:0002a5f0       ??4NxI16Vec3@@QAEABV0@ABV0@@Z 1002b5f0 f i FluidMeshCooker.obj
 0001:0002a620       ??6NxI16Vec3@@QBE?BV0@I@Z  1002b620 f i FluidMeshCooker.obj
 0001:0002a660       ?set@NxI16Vec3@@QAEXABVNxVec3@@M@Z 1002b660 f i FluidMeshCooker.obj
 0001:0002a870       ?cellHashFunc@@YAIPAVNxI16Vec3@@I@Z 1002b870 f   FluidMeshCooker.obj
 0001:0002a8b0       ?packetHashFunc@@YAIPAVNxI16Vec3@@I@Z 1002b8b0 f   FluidMeshCooker.obj
 0001:0002a8e0       ?localHashFunc@@YAIPAVNxI16Vec3@@I@Z 1002b8e0 f   FluidMeshCooker.obj
 0001:0002aab0       ??0FluidTriangleCM@@QAE@XZ 1002bab0 f i FluidMeshCooker.obj
 0001:0002aac0       ?testTriangleSanity@@YA_NABUFluidTriangleCM@@M@Z 1002bac0 f   FluidMeshCooker.obj
 0001:0002ac00       ?fluidDestroyMeshPacketHash@@YAXPAUFluidMeshPacketHash@@@Z 1002bc00 f   FluidMeshCooker.obj
 0001:0002ac20       ?setEmpty@NxBounds3@@QAEXXZ 1002bc20 f i FluidMeshCooker.obj
 0001:0002b010       ??0NxBounds3@@QAE@XZ       1002c010 f i FluidMeshCooker.obj
 0001:0002b040       ?fluidCreateMeshPacketHash@@YAPAUFluidMeshPacketHash@@PBVNxTriangle@@IMMIIPAUFluidMeshCookerStats@@@Z 1002c040 f   FluidMeshCooker.obj
 0001:0002c6d0       ??0FluidMeshCellBucketVector@@QAE@I@Z 1002d6d0 f   FluidMeshCellBucket.obj
 0001:0002c720       ??1FluidMeshCellBucketVector@@QAE@XZ 1002d720 f   FluidMeshCellBucket.obj
 0001:0002c750       ??0FluidMeshCellNodeVector@@QAE@I@Z 1002d750 f   FluidMeshCellNode.obj
 0001:0002c7a0       ??1FluidMeshCellNodeVector@@QAE@XZ 1002d7a0 f   FluidMeshCellNode.obj
 0001:0002c7d0       ??0FluidMeshPacketHash@@QAE@IIIIMII@Z 1002d7d0 f   FluidMeshPacketHash.obj
 0001:0002c880       ??1FluidMeshPacketHash@@QAE@XZ 1002d880 f   FluidMeshPacketHash.obj
 0001:0002c900       ?write@FluidMeshPacketHash@@QAEXAAVNxStream@@@Z 1002d900 f   FluidMeshPacketHash.obj
 0001:0002c950       ??0FluidMeshPktBucketVector@@QAE@I@Z 1002d950 f   FluidMeshPktBucket.obj
 0001:0002c9a0       ??1FluidMeshPktBucketVector@@QAE@XZ 1002d9a0 f   FluidMeshPktBucket.obj
 0001:0002c9d0       ?write@FluidMeshPktBucketVector@@QAEXAAVNxStream@@@Z 1002d9d0 f   FluidMeshPktBucket.obj
 0001:0002cbf0       ?findCell@FluidMeshPktData@@QAEXPAGPAUFluidTriangleVector@@PBU2@PBVNxI16Vec3@@@Z 1002dbf0 f   FluidMeshPktData.obj
 0001:0002cd20       ?write@FluidMeshPktDataVector@@QAEXAAVNxStream@@@Z 1002dd20 f   FluidMeshPktData.obj
 0001:0002cd40       ??0FluidByteVector@@QAE@I@Z 1002dd40 f   FluidMeshPktData.obj
 0001:0002cd80       ??1FluidByteVector@@QAE@XZ 1002dd80 f   FluidMeshPktData.obj
 0001:0002cdb0       ??0FluidMeshPktDataVector@@QAE@I@Z 1002ddb0 f   FluidMeshPktData.obj
 0001:0002cdf0       ??1FluidMeshPktDataVector@@QAE@XZ 1002ddf0 f   FluidMeshPktData.obj
 0001:0002ce20       ??0FluidMeshPktNodeVector@@QAE@I@Z 1002de20 f   FluidMeshPktNode.obj
 0001:0002ce70       ??1FluidMeshPktNodeVector@@QAE@XZ 1002de70 f   FluidMeshPktNode.obj
 0001:0002cea0       ?write@FluidMeshPktNodeVector@@QAEXAAVNxStream@@@Z 1002dea0 f   FluidMeshPktNode.obj
 0001:0002ced0       ??0FluidTriangleVector@@QAE@I@Z 1002ded0 f   FluidTriangle.obj
 0001:0002cf20       ??1FluidTriangleVector@@QAE@XZ 1002df20 f   FluidTriangle.obj
 0001:0002cf50       ?write@FluidTriangleVector@@QAEXAAVNxStream@@@Z 1002df50 f   FluidTriangle.obj
 0001:0002cf80       ?zero@NxVec3@@QAEXXZ       1002df80 f i Box.obj
 0001:0002cf90       ?add@NxVec3@@QAEXABV1@0@Z  1002df90 f i Box.obj
 0001:0002cfc0       ?subtract@NxVec3@@QAEXABV1@0@Z 1002dfc0 f i Box.obj
 0001:0002cff0       ??GNxVec3@@QBE?AV0@XZ      1002dff0 f i Box.obj
 0001:0002d020       ??DNxVec3@@QBE?AV0@M@Z     1002e020 f i Box.obj
 0001:0002d050       ??ZNxVec3@@QAEAAV0@ABV0@@Z 1002e050 f i Box.obj
 0001:0002d080       ??0NxMat33@@QAE@ABV0@@Z    1002e080 f i Box.obj
 0001:0002d0a0       ??4NxMat33@@QAEABV0@ABV0@@Z 1002e0a0 f i Box.obj
 0001:0002d0c0       ?getColumn@NxMat33@@QBEXHAAVNxVec3@@@Z 1002e0c0 f i Box.obj
 0001:0002d0f0       ??RNxMat33@@QBEABMHH@Z     1002e0f0 f i Box.obj
 0001:0002d110       ?id@NxMat33@@QAEXXZ        1002e110 f i Box.obj
 0001:0002d140       ?setTransposed@NxMat33@@QAEXABV1@@Z 1002e140 f i Box.obj
 0001:0002d1c0       ?multiplyByTranspose@NxMat33@@QBEXABVNxVec3@@AAV2@@Z 1002e1c0 f i Box.obj
 0001:0002d230       ?multiply@NxMat33@@QAEXABV1@0@Z 1002e230 f i Box.obj
 0001:0002d3a0       ?getCenter@NxBounds3@@QBEXAAVNxVec3@@@Z 1002e3a0 f i Box.obj
 0001:0002d400       ?getExtents@NxBounds3@@QBEXAAVNxVec3@@@Z 1002e400 f i Box.obj
 0001:0002d460       ??0NxMat34@@QAE@ABVNxMat33@@ABVNxVec3@@@Z 1002e460 f i Box.obj
 0001:0002d4a0       ??0NxMat34@@QAE@_N@Z       1002e4a0 f i Box.obj
 0001:0002d4f0       ??0NxBox@@QAE@XZ           1002e4f0 f i Box.obj
 0001:0002d500       ??1NxBox@@QAE@XZ           1002e500 f i Box.obj
 0001:0002d510       ?rotate@NxBox@@QBEXABVNxMat34@@AAV1@@Z 1002e510 f i Box.obj
 0001:0002d720       ?leftTransformPoint@NxFoundation@@YAXABVNxVec3@@AAV2@ABVNxMat33@@@Z 1002e720 f i Box.obj
 0001:0002d790       ?rightTransformPoint@NxFoundation@@YAXABVNxVec3@@AAV2@ABVNxMat33@@@Z 1002e790 f i Box.obj
 0001:0002d800       ?transformPoint@NxFoundation@@YAXABVNxVec3@@AAV2@ABVNxMat34@@@Z 1002e800 f i Box.obj
 0001:0002d890       ?boxContainsPoint@NxFoundation@@YA_NABVNxBox@@ABVNxVec3@@@Z 1002e890 f   Box.obj
 0001:0002d990       ?createBox@NxFoundation@@YAXAAVNxBox@@ABVNxBounds3@@ABVNxMat34@@@Z 1002e990 f   Box.obj
 0001:0002dae0       ?computeBoxPlanes@NxFoundation@@YA_NABVNxBox@@PAVNxPlane@@@Z 1002eae0 f   Box.obj
 0001:0002de30       ?computeBoxPoints@NxFoundation@@YA_NABVNxBox@@PAVNxVec3@@@Z 1002ee30 f   Box.obj
 0001:0002e110       ?computeBoxVertexNormals@NxFoundation@@YA_NABVNxBox@@PAVNxVec3@@@Z 1002f110 f   Box.obj
 0001:0002e540       ?getBoxEdges@NxFoundation@@YAPBIXZ 1002f540 f   Box.obj
 0001:0002e550       ?getBoxEdgesAxes@NxFoundation@@YAPBHXZ 1002f550 f   Box.obj
 0001:0002e560       ?getBoxTriangles@NxFoundation@@YAPBIXZ 1002f560 f   Box.obj
 0001:0002e570       ?getBoxLocalEdgeNormals@NxFoundation@@YAPBVNxVec3@@XZ 1002f570 f   Box.obj
 0001:0002e580       ?computeBoxWorldEdgeNormal@NxFoundation@@YAXABVNxBox@@IAAVNxVec3@@@Z 1002f580 f   Box.obj
 0001:0002e600       ?largestAxis@NxFoundation@@YAIABVNxVec3@@@Z 1002f600 f i Box.obj
 0001:0002e640       ?computeCapsuleAroundBox@NxFoundation@@YAXABVNxBox@@AAVNxCapsule@@@Z 1002f640 f   Box.obj
 0001:0002e8c0       ?invertPRMatrix@NxFoundation@@YAXAAVNxMat34@@ABV2@@Z 1002f8c0 f   Box.obj
 0001:0002e9b0       ?isBoxAInsideBoxB@NxFoundation@@YA_NABVNxBox@@0@Z 1002f9b0 f   Box.obj
 0001:0002ece0       ?getBoxQuads@NxFoundation@@YAPBIXZ 1002fce0 f   Box.obj
 0001:0002ecf0       ?boxVertexToQuad@NxFoundation@@YAPBII@Z 1002fcf0 f   Box.obj
 0001:0002ed10       ?malloc@DefaultAllocator@NxFoundation@@UAEPAXI@Z 1002fd10 f   DefaultAllocator.obj
 0001:0002ed30       ?mallocDEBUG@DefaultAllocator@NxFoundation@@UAEPAXIPBDH@Z 1002fd30 f   DefaultAllocator.obj
 0001:0002ed40       ?realloc@DefaultAllocator@NxFoundation@@UAEPAXPAXI@Z 1002fd40 f   DefaultAllocator.obj
 0001:0002ed60       ?free@DefaultAllocator@NxFoundation@@UAEXPAX@Z 1002fd60 f   DefaultAllocator.obj
 0001:0002ed80       ??1NxFoundationSDK@@MAE@XZ 1002fd80 f i FoundationSDK.obj
 0001:0002ed90       ??_GNxFoundationSDK@@MAEPAXI@Z 1002fd90 f i FoundationSDK.obj
 0001:0002ed90       ??_ENxFoundationSDK@@MAEPAXI@Z 1002fd90 f i FoundationSDK.obj
 0001:0002edc0       ??1NxUserAllocator@@UAE@XZ 1002fdc0 f i FoundationSDK.obj
 0001:0002edd0       ?mallocDEBUG@NxUserAllocator@@UAEPAXIPBDH0W4NxMemoryType@@@Z 1002fdd0 f i FoundationSDK.obj
 0001:0002edf0       ?malloc@NxUserAllocator@@UAEPAXIW4NxMemoryType@@@Z 1002fdf0 f i FoundationSDK.obj
 0001:0002ee00       ?checkDEBUG@NxUserAllocator@@UAEXXZ 1002fe00 f i FoundationSDK.obj
 0001:0002ee10       ??_GNxUserAllocator@@UAEPAXI@Z 1002fe10 f i FoundationSDK.obj
 0001:0002ee10       ??_ENxUserAllocator@@UAEPAXI@Z 1002fe10 f i FoundationSDK.obj
[...]
 0003:00001c10       __FPmtinit                 100a6c10     LIBCMT:fpinit.obj
 0003:00001c14       __FPmtterm                 100a6c14     LIBCMT:fpinit.obj
 0003:00001c18       __NLG_Destination          100a6c18     LIBCMT:exsup.obj
 0003:00001c40       __half                     100a6c40     LIBCMT:pow.obj
 0003:00001c4c       ___security_cookie         100a6c4c     LIBCMT:seccook.obj
 0003:00001c60       __aexit_rtn                100a6c60     LIBCMT:dllcrt0.obj
 0003:00001c70       ?__pMyUnhandledExceptionFilter@@3PAXA 100a6c70     LIBCMT:throw.obj
 0003:00001c74       ??_R0?AVbad_cast@@@8       100a6c74     LIBCMT:stdexcpt.obj
 0003:00001c8c       ??_R0?AVbad_typeid@@@8     100a6c8c     LIBCMT:stdexcpt.obj
 0003:00001ca8       ??_R0?AV__non_rtti_object@@@8 100a6ca8     LIBCMT:stdexcpt.obj
 0003:00001cc8       ??_R0?AVtype_info@@@8      100a6cc8     LIBCMT:typinfo.obj
 0003:00001ce0       __cfltcvt_tab              100a6ce0     LIBCMT:cmiscdat.obj
 0003:00001cfc       ___tlsindex                100a6cfc     LIBCMT:tidtable.obj
 0003:00001d00       ?__pInconsistency@@3P6AXXZA 100a6d00     LIBCMT:hooks.obj
 0003:00001d10       __indefinite               100a6d10     LIBCMT:87disp.obj
 0003:00001d1a       __piby2                    100a6d1a     LIBCMT:87disp.obj
 0003:00001d40       __infinity                 100a6d40     LIBCMT:87tran.obj
 0003:00001d4a       __minfinity                100a6d4a     LIBCMT:87tran.obj
 0003:00001d54       __logemax                  100a6d54     LIBCMT:87tran.obj
 0003:00001d7a       __OP_EXPjmptab             100a6d7a     LIBCMT:87tran.obj
 0003:00001da0       __d_inf                    100a6da0     LIBCMT:util.obj
 0003:00001da8       __d_ind                    100a6da8     LIBCMT:util.obj
 0003:00001db0       __d_max                    100a6db0     LIBCMT:util.obj
 0003:00001db8       __d_min                    100a6db8     LIBCMT:util.obj
 0003:00001dc0       __d_mzero                  100a6dc0     LIBCMT:util.obj
 0003:00001ec8       __pmatherr                 100a6ec8     LIBCMT:libm_error.obj
 0003:00001ed0       __iob                      100a6ed0     LIBCMT:_file.obj
 0003:00002150       ___nullstring              100a7150     LIBCMT:output.obj
 0003:00002154       ___wnullstring             100a7154     LIBCMT:output.obj
 0003:000023e0       __amblksiz                 100a73e0     LIBCMT:heapinit.obj
 0003:000023e4       ___badioinfo               100a73e4     LIBCMT:ioinit.obj
 0003:00002410       __XcptActTab               100a7410     LIBCMT:winxfltr.obj
 0003:00002488       __First_FPE_Indx           100a7488     LIBCMT:winxfltr.obj
 0003:0000248c       __Num_FPE                  100a748c     LIBCMT:winxfltr.obj
 0003:00002490       __XcptActTabSize           100a7490     LIBCMT:winxfltr.obj
 0003:00002494       __XcptActTabCount          100a7494     LIBCMT:winxfltr.obj
 0003:00002530       ___mb_cur_max              100a7530     LIBCMT:nlsdata1.obj
 0003:00002534       ___decimal_point           100a7534     LIBCMT:nlsdata1.obj
 0003:00002538       ___decimal_point_length    100a7538     LIBCMT:nlsdata1.obj
 0003:00002578       ___initiallocinfo          100a7578     LIBCMT:setlocal.obj
 0003:000025cc       ___ptlocinfo               100a75cc     LIBCMT:setlocal.obj
 0003:00002708       ___lc_category             100a7708     LIBCMT:setlocal.obj
 0003:000029b0       __matherr_flag             100a79b0     LIBCMT:matherr.obj
 0003:000029c0       __pctype                   100a79c0     LIBCMT:ctype.obj
 0003:000029c4       __pwctype                  100a79c4     LIBCMT:ctype.obj
 0003:000029d0       ___lc_time_curr            100a79d0     LIBCMT:strftime.obj
 0003:000029d8       ___lc_time_c               100a79d8     LIBCMT:strftime.obj
 0003:00002a90       ___lconv_static_decimal    100a7a90     LIBCMT:lconv.obj
 0003:00002a94       ___lconv_c                 100a7a94     LIBCMT:lconv.obj
 0003:00002ac4       ___lconv                   100a7ac4     LIBCMT:lconv.obj
 0003:00002ad0       ___lc_clike                100a7ad0     LIBCMT:nlsdata2.obj
 0003:00002ae0       __timezone                 100a7ae0     LIBCMT:timeset.obj
 0003:00002ae4       __daylight                 100a7ae4     LIBCMT:timeset.obj
 0003:00002ae8       __dstbias                  100a7ae8     LIBCMT:timeset.obj
 0003:00002b70       __tzname                   100a7b70     LIBCMT:timeset.obj
 0003:00002b90       __pow10pos                 100a7b90     LIBCMT:constpow.obj
 0003:00002cf0       __pow10neg                 100a7cf0     LIBCMT:constpow.obj
 0003:00002e4c       __lpdays                   100a7e4c     LIBCMT:days.obj
 0003:00002e80       __days                     100a7e80     LIBCMT:days.obj
 0003:000036f0       ?countpolyhit@@3HA         100a86f0     hulllib.obj
 0003:000037cc       ?nxFoundationSDKAllocator@NxFoundation@@3PAVNxUserAllocator@@A 100a87cc     FoundationSDK.obj
 0003:000037d0       ?instance@FoundationSDK@NxFoundation@@0PAV12@A 100a87d0     FoundationSDK.obj
 0003:000037d4       ?defaultSDKAllocator@FoundationSDK@NxFoundation@@2VNxUserAllocatorDefault@@A 100a87d4     FoundationSDK.obj
 0003:000037e0       ?baseTime@ProfilerClock@NxFoundation@@2_KA 100a87e0     Profiler.obj
 0003:00003804       ?T@?1??DIST_PRIM@PointDistanceQuery@Opcode@@AAEXI@Z@4VIndexedTriangle@IceMaths@@A 100a8804     OPC_PointDistance.obj
 0003:00003814       ??_B?1??DIST_PRIM@PointDistanceQuery@Opcode@@AAEXI@Z@51 100a8814     OPC_PointDistance.obj
 0003:00003a74       ___fastflag                100a8a74     LIBCMT:fpinit.obj
 0003:00003a78       __adjust_fdiv              100a8a78     LIBCMT:fpinit.obj
 0003:00003a7c       ___pPurecall               100a8a7c     LIBCMT:purevirt.obj
 0003:00003a84       __aenvptr                  100a8a84     LIBCMT:dllcrt0.obj
 0003:00003a88       __wenvptr                  100a8a88     LIBCMT:dllcrt0.obj
 0003:00003a8c       ___error_mode              100a8a8c     LIBCMT:dllcrt0.obj
 0003:00003a90       ___app_type                100a8a90     LIBCMT:dllcrt0.obj
 0003:00003a94       ?_pnhHeap@@3P6AHI@ZA       100a8a94     LIBCMT:handler.obj
 0003:00003a98       _gpFlsAlloc                100a8a98     LIBCMT:tidtable.obj
 0003:00003a9c       _gpFlsGetValue             100a8a9c     LIBCMT:tidtable.obj
 0003:00003aa0       _gpFlsSetValue             100a8aa0     LIBCMT:tidtable.obj
 0003:00003aa4       _gpFlsFree                 100a8aa4     LIBCMT:tidtable.obj
 0003:00003aac       __umaskval                 100a8aac     LIBCMT:crt0dat.obj
 0003:00003ab0       __osplatform               100a8ab0     LIBCMT:crt0dat.obj
 0003:00003ab4       __osver                    100a8ab4     LIBCMT:crt0dat.obj
 0003:00003ab8       __winver                   100a8ab8     LIBCMT:crt0dat.obj
 0003:00003abc       __winmajor                 100a8abc     LIBCMT:crt0dat.obj
 0003:00003ac0       __winminor                 100a8ac0     LIBCMT:crt0dat.obj
 0003:00003ac4       ___argc                    100a8ac4     LIBCMT:crt0dat.obj
 0003:00003ac8       ___argv                    100a8ac8     LIBCMT:crt0dat.obj
 0003:00003acc       ___wargv                   100a8acc     LIBCMT:crt0dat.obj
 0003:00003ad0       __environ                  100a8ad0     LIBCMT:crt0dat.obj
 0003:00003ad4       ___initenv                 100a8ad4     LIBCMT:crt0dat.obj
 0003:00003ad8       __wenviron                 100a8ad8     LIBCMT:crt0dat.obj
 0003:00003adc       ___winitenv                100a8adc     LIBCMT:crt0dat.obj
 0003:00003ae0       __pgmptr                   100a8ae0     LIBCMT:crt0dat.obj
 0003:00003ae4       __wpgmptr                  100a8ae4     LIBCMT:crt0dat.obj
 0003:00003ae8       __exitflag                 100a8ae8     LIBCMT:crt0dat.obj
 0003:00003aec       __C_Termination_Done       100a8aec     LIBCMT:crt0dat.obj
 0003:00003af0       __C_Exit_Done              100a8af0     LIBCMT:crt0dat.obj
 0003:00003af4       __cflush                   100a8af4     LIBCMT:_file.obj
 0003:00003af8       __stdbuf                   100a8af8     LIBCMT:_sftbuf.obj
 0003:00003c50       __newmode                  100a8c50     LIBCMT:_newmode.obj
 0003:00003d64       __adbgmsg                  100a8d64     LIBCMT:crt0msg.obj
 0003:00003de0       __commode                  100a8de0     LIBCMT:ncommode.obj
 0003:00003e00       ___lconv_static_null       100a8e00     LIBCMT:lconv.obj
 0003:00003e04       ___lc_time_intl            100a8e04     LIBCMT:inittime.obj
 0003:00003e08       ___lconv_intl              100a8e08     LIBCMT:initmon.obj
 0003:00003e30       ___lc_handle               100a8e30     LIBCMT:nlsdata2.obj
 0003:00003e48       ___lc_codepage             100a8e48     LIBCMT:nlsdata2.obj
 0003:00003e4c       ___lc_collate_cp           100a8e4c     LIBCMT:nlsdata2.obj
 0003:00003e54       ___lc_id                   100a8e54     LIBCMT:nlsdata3.obj
 0003:00003e78       __fmode                    100a8e78     LIBCMT:txtmode.obj
 0003:00003f4c       ___ctype1                  100a8f4c     <common>
 0003:00003f5c       ___ctype1_refcount         100a8f5c     <common>
 0003:00003f60       ___lconv_mon_refcount      100a8f60     <common>
 0003:00003f70       ___lconv_intl_refcount     100a8f70     <common>
 0003:00003f74       ___lconv_num_refcount      100a8f74     <common>
 0003:00003f80       ___mblcid                  100a8f80     <common>
 0003:00003ff8       ___ptmbcinfo               100a8ff8     <common>
 0003:00003ffc       ___ismbcodepage            100a8ffc     <common>
 0003:00004000       __mbctype                  100a9000     <common>
 0003:00004104       ___mbcodepage              100a9104     <common>
 0003:00004110       ___mbulinfo                100a9110     <common>
 0003:00004120       __mbcasemap                100a9120     <common>
 0003:00004220       ___setlc_active            100a9220     <common>
 0003:00004230       ___unguarded_readlc_active 100a9230     <common>
 0003:00004234       __nhandle                  100a9234     <common>
 0003:00004280       ___pioinfo                 100a9280     <common>
 0003:00004380       ___sbh_initialized         100a9380     <common>
 0003:00004394       ___sbh_pHeaderDefer        100a9394     <common>
 0003:00004398       ___sbh_cntHeaderList       100a9398     <common>
 0003:0000439c       ___sbh_pHeaderList         100a939c     <common>
 0003:000043a0       ___sbh_threshold           100a93a0     <common>
 0003:000043a4       ___sbh_pHeaderScan         100a93a4     <common>
 0003:000043a8       ___sbh_sizeHeaderList      100a93a8     <common>
 0003:000043ac       ___sbh_indGroupDefer       100a93ac     <common>
 0003:000043b0       __crtheap                  100a93b0     <common>
 0003:000043c0       ___active_heap             100a93c0     <common>
 0003:000043c4       ___piob                    100a93c4     <common>
 0003:00004720       __bufin                    100a9720     <common>
 0003:00005720       __nstream                  100aa720     <common>
 0003:00005724       ___env_initialized         100aa724     <common>
 0003:00005734       ___onexitend               100aa734     <common>
 0003:00005738       ___onexitbegin             100aa738     <common>
 0003:0000573c       ___mbctype_initialized     100aa73c     <common>
 0003:00005740       ___use_sse2_mathfcns       100aa740     <common>
 0003:00005750       ___sse2_available          100aa750     <common>
 0003:00005754       __acmdln                   100aa754     <common>
 0003:00005764       __pRawDllMain              100aa764     <common>
 0004:00000000       __IMPORT_DESCRIPTOR_KERNEL32 100ab000     kernel32:KERNEL32.dll
 0004:00000014       __NULL_IMPORT_DESCRIPTOR   100ab014     kernel32:KERNEL32.dll
 0004:00000224       __imp__InitializeCriticalSection@4 100ab224     kernel32:KERNEL32.dll
 0004:00000228       __imp__DeleteCriticalSection@4 100ab228     kernel32:KERNEL32.dll
 0004:0000022c       __imp__GetCurrentThreadId@0 100ab22c     kernel32:KERNEL32.dll
 0004:00000230       __imp__InterlockedCompareExchange@12 100ab230     kernel32:KERNEL32.dll
 0004:00000234       __imp__EnterCriticalSection@4 100ab234     kernel32:KERNEL32.dll
 0004:00000238       __imp__LeaveCriticalSection@4 100ab238     kernel32:KERNEL32.dll
 0004:0000023c       __imp__CreateEventA@16     100ab23c     kernel32:KERNEL32.dll
 0004:00000240       __imp__CloseHandle@4       100ab240     kernel32:KERNEL32.dll
 0004:00000244       __imp__ResetEvent@4        100ab244     kernel32:KERNEL32.dll
 0004:00000248       __imp__SetEvent@4          100ab248     kernel32:KERNEL32.dll
 0004:0000024c       __imp__WaitForSingleObject@8 100ab24c     kernel32:KERNEL32.dll
 0004:00000250       __imp__WaitForMultipleObjects@16 100ab250     kernel32:KERNEL32.dll
 0004:00000254       __imp__CreateThread@24     100ab254     kernel32:KERNEL32.dll
 0004:00000258       __imp__InterlockedIncrement@4 100ab258     kernel32:KERNEL32.dll
 0004:0000025c       __imp__ExitThread@4        100ab25c     kernel32:KERNEL32.dll
 0004:00000260       __imp__TerminateThread@8   100ab260     kernel32:KERNEL32.dll
 0004:00000264       __imp__Sleep@4             100ab264     kernel32:KERNEL32.dll
 0004:00000268       __imp__SetThreadAffinityMask@8 100ab268     kernel32:KERNEL32.dll
 0004:0000026c       __imp__SetThreadPriority@8 100ab26c     kernel32:KERNEL32.dll
 0004:00000270       __imp__TlsSetValue@8       100ab270     kernel32:KERNEL32.dll
 0004:00000274       __imp__QueryPerformanceFrequency@4 100ab274     kernel32:KERNEL32.dll
 0004:00000278       __imp__QueryPerformanceCounter@4 100ab278     kernel32:KERNEL32.dll
 0004:0000027c       __imp__RtlUnwind@16        100ab27c     kernel32:KERNEL32.dll
 0004:00000280       __imp__ExitProcess@4       100ab280     kernel32:KERNEL32.dll
 0004:00000284       __imp__HeapAlloc@12        100ab284     kernel32:KERNEL32.dll
 0004:00000288       __imp__HeapReAlloc@16      100ab288     kernel32:KERNEL32.dll
 0004:0000028c       __imp__HeapFree@12         100ab28c     kernel32:KERNEL32.dll
 0004:00000290       __imp__GetCommandLineA@0   100ab290     kernel32:KERNEL32.dll
 0004:00000294       __imp__GetVersionExA@4     100ab294     kernel32:KERNEL32.dll
 0004:00000298       __imp__RaiseException@16   100ab298     kernel32:KERNEL32.dll
 0004:0000029c       __imp__GetProcAddress@8    100ab29c     kernel32:KERNEL32.dll
 0004:000002a0       __imp__GetModuleHandleA@4  100ab2a0     kernel32:KERNEL32.dll
 0004:000002a4       __imp__TlsAlloc@0          100ab2a4     kernel32:KERNEL32.dll
 0004:000002a8       __imp__SetLastError@4      100ab2a8     kernel32:KERNEL32.dll
 0004:000002ac       __imp__GetLastError@0      100ab2ac     kernel32:KERNEL32.dll
 0004:000002b0       __imp__GetCurrentThread@0  100ab2b0     kernel32:KERNEL32.dll
 0004:000002b4       __imp__TlsFree@4           100ab2b4     kernel32:KERNEL32.dll
 0004:000002b8       __imp__TlsGetValue@4       100ab2b8     kernel32:KERNEL32.dll
 0004:000002bc       __imp__GetTickCount@0      100ab2bc     kernel32:KERNEL32.dll
 0004:000002c0       __imp__GetCurrentProcessId@0 100ab2c0     kernel32:KERNEL32.dll
 0004:000002c4       __imp__GetSystemTimeAsFileTime@4 100ab2c4     kernel32:KERNEL32.dll
 0004:000002c8       __imp__GetModuleFileNameA@12 100ab2c8     kernel32:KERNEL32.dll
 0004:000002cc       __imp__TerminateProcess@8  100ab2cc     kernel32:KERNEL32.dll
 0004:000002d0       __imp__GetCurrentProcess@0 100ab2d0     kernel32:KERNEL32.dll
 0004:000002d4       __imp__HeapSize@12         100ab2d4     kernel32:KERNEL32.dll
 0004:000002d8       __imp__FatalAppExitA@8     100ab2d8     kernel32:KERNEL32.dll
 0004:000002dc       __imp__HeapDestroy@4       100ab2dc     kernel32:KERNEL32.dll
 0004:000002e0       __imp__HeapCreate@12       100ab2e0     kernel32:KERNEL32.dll
 0004:000002e4       __imp__VirtualFree@12      100ab2e4     kernel32:KERNEL32.dll
 0004:000002e8       __imp__VirtualAlloc@16     100ab2e8     kernel32:KERNEL32.dll
 0004:000002ec       __imp__IsBadWritePtr@8     100ab2ec     kernel32:KERNEL32.dll
 0004:000002f0       __imp__SetHandleCount@4    100ab2f0     kernel32:KERNEL32.dll
 0004:000002f4       __imp__GetStdHandle@4      100ab2f4     kernel32:KERNEL32.dll
 0004:000002f8       __imp__GetFileType@4       100ab2f8     kernel32:KERNEL32.dll
 0004:000002fc       __imp__GetStartupInfoA@4   100ab2fc     kernel32:KERNEL32.dll
 0004:00000300       __imp__SetFilePointer@16   100ab300     kernel32:KERNEL32.dll
 0004:00000304       __imp__WriteFile@20        100ab304     kernel32:KERNEL32.dll
 0004:00000308       __imp__ReadFile@20         100ab308     kernel32:KERNEL32.dll
 0004:0000030c       __imp__FreeEnvironmentStringsA@4 100ab30c     kernel32:KERNEL32.dll
 0004:00000310       __imp__GetEnvironmentStrings@0 100ab310     kernel32:KERNEL32.dll
 0004:00000314       __imp__FreeEnvironmentStringsW@4 100ab314     kernel32:KERNEL32.dll
 0004:00000318       __imp__WideCharToMultiByte@32 100ab318     kernel32:KERNEL32.dll
 0004:0000031c       __imp__GetEnvironmentStringsW@0 100ab31c     kernel32:KERNEL32.dll
 0004:00000320       __imp__UnhandledExceptionFilter@4 100ab320     kernel32:KERNEL32.dll
 0004:00000324       __imp__SetUnhandledExceptionFilter@4 100ab324     kernel32:KERNEL32.dll
 0004:00000328       __imp__IsBadReadPtr@8      100ab328     kernel32:KERNEL32.dll
 0004:0000032c       __imp__IsBadCodePtr@4      100ab32c     kernel32:KERNEL32.dll
 0004:00000330       __imp__GetACP@0            100ab330     kernel32:KERNEL32.dll
 0004:00000334       __imp__GetOEMCP@0          100ab334     kernel32:KERNEL32.dll
 0004:00000338       __imp__GetCPInfo@8         100ab338     kernel32:KERNEL32.dll
 0004:0000033c       __imp__InterlockedExchange@8 100ab33c     kernel32:KERNEL32.dll
 0004:00000340       __imp__VirtualQuery@12     100ab340     kernel32:KERNEL32.dll
 0004:00000344       __imp__LoadLibraryA@4      100ab344     kernel32:KERNEL32.dll
 0004:00000348       __imp__SetStdHandle@8      100ab348     kernel32:KERNEL32.dll
 0004:0000034c       __imp__FlushFileBuffers@4  100ab34c     kernel32:KERNEL32.dll
 0004:00000350       __imp__CreateFileA@28      100ab350     kernel32:KERNEL32.dll
 0004:00000354       __imp__LCMapStringA@24     100ab354     kernel32:KERNEL32.dll
 0004:00000358       __imp__MultiByteToWideChar@24 100ab358     kernel32:KERNEL32.dll
 0004:0000035c       __imp__LCMapStringW@24     100ab35c     kernel32:KERNEL32.dll
 0004:00000360       __imp__SetConsoleCtrlHandler@8 100ab360     kernel32:KERNEL32.dll
 0004:00000364       __imp__GetTimeFormatA@24   100ab364     kernel32:KERNEL32.dll
 0004:00000368       __imp__GetDateFormatA@24   100ab368     kernel32:KERNEL32.dll
 0004:0000036c       __imp__GetUserDefaultLCID@0 100ab36c     kernel32:KERNEL32.dll
 0004:00000370       __imp__GetLocaleInfoA@16   100ab370     kernel32:KERNEL32.dll
 0004:00000374       __imp__EnumSystemLocalesA@8 100ab374     kernel32:KERNEL32.dll
 0004:00000378       __imp__IsValidLocale@8     100ab378     kernel32:KERNEL32.dll
 0004:0000037c       __imp__IsValidCodePage@4   100ab37c     kernel32:KERNEL32.dll
 0004:00000380       __imp__GetStringTypeA@20   100ab380     kernel32:KERNEL32.dll
 0004:00000384       __imp__GetStringTypeW@16   100ab384     kernel32:KERNEL32.dll
 0004:00000388       __imp__SetEndOfFile@4      100ab388     kernel32:KERNEL32.dll
 0004:0000038c       __imp__VirtualProtect@16   100ab38c     kernel32:KERNEL32.dll
 0004:00000390       __imp__GetSystemInfo@4     100ab390     kernel32:KERNEL32.dll
 0004:00000394       __imp__GetTimeZoneInformation@4 100ab394     kernel32:KERNEL32.dll
 0004:00000398       __imp__GetLocaleInfoW@16   100ab398     kernel32:KERNEL32.dll
 0004:0000039c       __imp__CompareStringA@24   100ab39c     kernel32:KERNEL32.dll
 0004:000003a0       __imp__CompareStringW@24   100ab3a0     kernel32:KERNEL32.dll
 0004:000003a4       __imp__SetEnvironmentVariableA@8 100ab3a4     kernel32:KERNEL32.dll
 0004:000003a8       \177KERNEL32_NULL_THUNK_DATA 100ab3a8     kernel32:KERNEL32.dll

 entry point at        0001:00079bae

